Archive member included to satisfy reference by file (symbol)

d:/3.tools/arm_gcc_toolchain/bin/../lib/gcc/arm-none-eabi/10.3.1/../../../../arm-none-eabi/lib/thumb/v6-m/nofp\libc_nano.a(lib_a-exit.o)
                              d:/3.tools/arm_gcc_toolchain/bin/../lib/gcc/arm-none-eabi/10.3.1/../../../../arm-none-eabi/lib/thumb/v6-m/nofp/crt0.o (exit)
d:/3.tools/arm_gcc_toolchain/bin/../lib/gcc/arm-none-eabi/10.3.1/../../../../arm-none-eabi/lib/thumb/v6-m/nofp\libc_nano.a(lib_a-impure.o)
                              d:/3.tools/arm_gcc_toolchain/bin/../lib/gcc/arm-none-eabi/10.3.1/../../../../arm-none-eabi/lib/thumb/v6-m/nofp\libc_nano.a(lib_a-exit.o) (_global_impure_ptr)
d:/3.tools/arm_gcc_toolchain/bin/../lib/gcc/arm-none-eabi/10.3.1/../../../../arm-none-eabi/lib/thumb/v6-m/nofp\libc_nano.a(lib_a-init.o)
                              d:/3.tools/arm_gcc_toolchain/bin/../lib/gcc/arm-none-eabi/10.3.1/../../../../arm-none-eabi/lib/thumb/v6-m/nofp/crt0.o (__libc_init_array)
d:/3.tools/arm_gcc_toolchain/bin/../lib/gcc/arm-none-eabi/10.3.1/../../../../arm-none-eabi/lib/thumb/v6-m/nofp\libc_nano.a(lib_a-memcpy-stub.o)
                              build/oled.o (memcpy)
d:/3.tools/arm_gcc_toolchain/bin/../lib/gcc/arm-none-eabi/10.3.1/../../../../arm-none-eabi/lib/thumb/v6-m/nofp\libc_nano.a(lib_a-memset.o)
                              d:/3.tools/arm_gcc_toolchain/bin/../lib/gcc/arm-none-eabi/10.3.1/../../../../arm-none-eabi/lib/thumb/v6-m/nofp/crt0.o (memset)
d:/3.tools/arm_gcc_toolchain/bin/../lib/gcc/arm-none-eabi/10.3.1/../../../../arm-none-eabi/lib/thumb/v6-m/nofp\libc_nano.a(lib_a-strlen.o)
                              build/oled.o (strlen)
d:/3.tools/arm_gcc_toolchain/bin/../lib/gcc/arm-none-eabi/10.3.1/../../../../arm-none-eabi/lib/thumb/v6-m/nofp\libnosys.a(_exit.o)
                              d:/3.tools/arm_gcc_toolchain/bin/../lib/gcc/arm-none-eabi/10.3.1/../../../../arm-none-eabi/lib/thumb/v6-m/nofp\libc_nano.a(lib_a-exit.o) (_exit)
d:/3.tools/arm_gcc_toolchain/bin/../lib/gcc/arm-none-eabi/10.3.1/thumb/v6-m/nofp\libgcc.a(_udivsi3.o)
                              build/temp.o (__aeabi_uidiv)
d:/3.tools/arm_gcc_toolchain/bin/../lib/gcc/arm-none-eabi/10.3.1/thumb/v6-m/nofp\libgcc.a(_divsi3.o)
                              build/oled.o (__aeabi_idiv)
d:/3.tools/arm_gcc_toolchain/bin/../lib/gcc/arm-none-eabi/10.3.1/thumb/v6-m/nofp\libgcc.a(_dvmd_tls.o)
                              d:/3.tools/arm_gcc_toolchain/bin/../lib/gcc/arm-none-eabi/10.3.1/thumb/v6-m/nofp\libgcc.a(_udivsi3.o) (__aeabi_idiv0)
d:/3.tools/arm_gcc_toolchain/bin/../lib/gcc/arm-none-eabi/10.3.1/thumb/v6-m/nofp\libgcc.a(_fixunssfsi.o)
                              build/temp.o (__aeabi_f2uiz)
d:/3.tools/arm_gcc_toolchain/bin/../lib/gcc/arm-none-eabi/10.3.1/thumb/v6-m/nofp\libgcc.a(addsf3.o)
                              build/temp.o (__aeabi_fadd)
d:/3.tools/arm_gcc_toolchain/bin/../lib/gcc/arm-none-eabi/10.3.1/thumb/v6-m/nofp\libgcc.a(divsf3.o)
                              build/temp.o (__aeabi_fdiv)
d:/3.tools/arm_gcc_toolchain/bin/../lib/gcc/arm-none-eabi/10.3.1/thumb/v6-m/nofp\libgcc.a(mulsf3.o)
                              build/temp.o (__aeabi_fmul)
d:/3.tools/arm_gcc_toolchain/bin/../lib/gcc/arm-none-eabi/10.3.1/thumb/v6-m/nofp\libgcc.a(subsf3.o)
                              build/temp.o (__aeabi_fsub)
d:/3.tools/arm_gcc_toolchain/bin/../lib/gcc/arm-none-eabi/10.3.1/thumb/v6-m/nofp\libgcc.a(fixsfsi.o)
                              build/temp.o (__aeabi_f2iz)
d:/3.tools/arm_gcc_toolchain/bin/../lib/gcc/arm-none-eabi/10.3.1/thumb/v6-m/nofp\libgcc.a(floatunsisf.o)
                              build/temp.o (__aeabi_ui2f)
d:/3.tools/arm_gcc_toolchain/bin/../lib/gcc/arm-none-eabi/10.3.1/thumb/v6-m/nofp\libgcc.a(_arm_cmpsf2.o)
                              d:/3.tools/arm_gcc_toolchain/bin/../lib/gcc/arm-none-eabi/10.3.1/thumb/v6-m/nofp\libgcc.a(_fixunssfsi.o) (__aeabi_fcmpge)
d:/3.tools/arm_gcc_toolchain/bin/../lib/gcc/arm-none-eabi/10.3.1/thumb/v6-m/nofp\libgcc.a(_clzsi2.o)
                              d:/3.tools/arm_gcc_toolchain/bin/../lib/gcc/arm-none-eabi/10.3.1/thumb/v6-m/nofp\libgcc.a(addsf3.o) (__clzsi2)
d:/3.tools/arm_gcc_toolchain/bin/../lib/gcc/arm-none-eabi/10.3.1/thumb/v6-m/nofp\libgcc.a(eqsf2.o)
                              d:/3.tools/arm_gcc_toolchain/bin/../lib/gcc/arm-none-eabi/10.3.1/thumb/v6-m/nofp\libgcc.a(_arm_cmpsf2.o) (__eqsf2)
d:/3.tools/arm_gcc_toolchain/bin/../lib/gcc/arm-none-eabi/10.3.1/thumb/v6-m/nofp\libgcc.a(gesf2.o)
                              d:/3.tools/arm_gcc_toolchain/bin/../lib/gcc/arm-none-eabi/10.3.1/thumb/v6-m/nofp\libgcc.a(_arm_cmpsf2.o) (__gesf2)
d:/3.tools/arm_gcc_toolchain/bin/../lib/gcc/arm-none-eabi/10.3.1/thumb/v6-m/nofp\libgcc.a(lesf2.o)
                              d:/3.tools/arm_gcc_toolchain/bin/../lib/gcc/arm-none-eabi/10.3.1/thumb/v6-m/nofp\libgcc.a(_arm_cmpsf2.o) (__lesf2)

Discarded input sections

[...]
Memory Configuration

Name             Origin             Length             Attributes
RAM              0x20000000         0x00001000         xrw
FLASH            0x08000000         0x00008000         xr
*default*        0x00000000         0xffffffff

Linker script and memory map

LOAD d:/3.tools/arm_gcc_toolchain/bin/../lib/gcc/arm-none-eabi/10.3.1/thumb/v6-m/nofp/crti.o
LOAD d:/3.tools/arm_gcc_toolchain/bin/../lib/gcc/arm-none-eabi/10.3.1/thumb/v6-m/nofp/crtbegin.o
LOAD d:/3.tools/arm_gcc_toolchain/bin/../lib/gcc/arm-none-eabi/10.3.1/../../../../arm-none-eabi/lib/thumb/v6-m/nofp/crt0.o
LOAD build/main.o
LOAD build/stm32f0xx_it.o
LOAD build/stm32f0xx_hal_msp.o
LOAD build/os.o
LOAD build/led.o
LOAD build/switch.o
LOAD build/pwm.o
LOAD build/temp.o
LOAD build/oled.o
LOAD build/oled_fonts.o
LOAD build/co2.o
LOAD build/blutooth.o
LOAD build/eeprom.o
LOAD build/stm32f0xx_hal_adc.o
LOAD build/stm32f0xx_hal_adc_ex.o
LOAD build/stm32f0xx_hal.o
LOAD build/stm32f0xx_hal_rcc.o
LOAD build/stm32f0xx_hal_rcc_ex.o
LOAD build/stm32f0xx_hal_gpio.o
LOAD build/stm32f0xx_hal_dma.o
LOAD build/stm32f0xx_hal_cortex.o
LOAD build/stm32f0xx_hal_pwr.o
LOAD build/stm32f0xx_hal_flash.o
LOAD build/stm32f0xx_hal_flash_ex.o
LOAD build/stm32f0xx_hal_exti.o
LOAD build/stm32f0xx_hal_i2c.o
LOAD build/stm32f0xx_hal_i2c_ex.o
LOAD build/stm32f0xx_hal_tim.o
LOAD build/stm32f0xx_hal_tim_ex.o
LOAD build/stm32f0xx_hal_uart.o
LOAD build/system_stm32f0xx.o
LOAD build/startup_stm32f030x6.o
LOAD d:/3.tools/arm_gcc_toolchain/bin/../lib/gcc/arm-none-eabi/10.3.1/../../../../arm-none-eabi/lib/thumb/v6-m/nofp\libc_nano.a
LOAD d:/3.tools/arm_gcc_toolchain/bin/../lib/gcc/arm-none-eabi/10.3.1/../../../../arm-none-eabi/lib/thumb/v6-m/nofp\libm.a
LOAD d:/3.tools/arm_gcc_toolchain/bin/../lib/gcc/arm-none-eabi/10.3.1/../../../../arm-none-eabi/lib/thumb/v6-m/nofp\libnosys.a
START GROUP
LOAD d:/3.tools/arm_gcc_toolchain/bin/../lib/gcc/arm-none-eabi/10.3.1/thumb/v6-m/nofp\libgcc.a
LOAD d:/3.tools/arm_gcc_toolchain/bin/../lib/gcc/arm-none-eabi/10.3.1/../../../../arm-none-eabi/lib/thumb/v6-m/nofp\libc_nano.a
END GROUP
START GROUP
LOAD d:/3.tools/arm_gcc_toolchain/bin/../lib/gcc/arm-none-eabi/10.3.1/thumb/v6-m/nofp\libgcc.a
LOAD d:/3.tools/arm_gcc_toolchain/bin/../lib/gcc/arm-none-eabi/10.3.1/../../../../arm-none-eabi/lib/thumb/v6-m/nofp\libc_nano.a
END GROUP
LOAD d:/3.tools/arm_gcc_toolchain/bin/../lib/gcc/arm-none-eabi/10.3.1/thumb/v6-m/nofp/crtend.o
LOAD d:/3.tools/arm_gcc_toolchain/bin/../lib/gcc/arm-none-eabi/10.3.1/thumb/v6-m/nofp/crtn.o
                0x20001000                _estack = 0x20001000
                0x00000200                _Min_Heap_Size = 0x200
                0x00000400                _Min_Stack_Size = 0x400

.isr_vector     0x08000000       0xc0
                0x08000000                . = ALIGN (0x4)
 *(.isr_vector)
 .isr_vector    0x08000000       0xc0 build/startup_stm32f030x6.o
                0x08000000                VectorTable
                0x080000c0                . = ALIGN (0x4)

.text           0x080000c0     0x6244
                0x080000c0                . = ALIGN (0x4)
 *(.text)
 .text          0x080000c0       0x48 d:/3.tools/arm_gcc_toolchain/bin/../lib/gcc/arm-none-eabi/10.3.1/thumb/v6-m/nofp/crtbegin.o
 .text          0x08000108        0xe d:/3.tools/arm_gcc_toolchain/bin/../lib/gcc/arm-none-eabi/10.3.1/../../../../arm-none-eabi/lib/thumb/v6-m/nofp\libc_nano.a(lib_a-strlen.o)
                0x08000108                strlen
 *fill*         0x08000116        0x2 
 .text          0x08000118      0x114 d:/3.tools/arm_gcc_toolchain/bin/../lib/gcc/arm-none-eabi/10.3.1/thumb/v6-m/nofp\libgcc.a(_udivsi3.o)
                0x08000118                __aeabi_uidiv
                0x08000118                __udivsi3
                0x08000224                __aeabi_uidivmod
 .text          0x0800022c      0x1d4 d:/3.tools/arm_gcc_toolchain/bin/../lib/gcc/arm-none-eabi/10.3.1/thumb/v6-m/nofp\libgcc.a(_divsi3.o)
                0x0800022c                __divsi3
                0x0800022c                __aeabi_idiv
                0x080003f8                __aeabi_idivmod
 .text          0x08000400        0x4 d:/3.tools/arm_gcc_toolchain/bin/../lib/gcc/arm-none-eabi/10.3.1/thumb/v6-m/nofp\libgcc.a(_dvmd_tls.o)
                0x08000400                __aeabi_idiv0
                0x08000400                __aeabi_ldiv0
 .text          0x08000404       0x30 d:/3.tools/arm_gcc_toolchain/bin/../lib/gcc/arm-none-eabi/10.3.1/thumb/v6-m/nofp\libgcc.a(_fixunssfsi.o)
                0x08000404                __fixunssfsi
                0x08000404                __aeabi_f2uiz
 .text          0x08000434      0x33c d:/3.tools/arm_gcc_toolchain/bin/../lib/gcc/arm-none-eabi/10.3.1/thumb/v6-m/nofp\libgcc.a(addsf3.o)
                0x08000434                __aeabi_fadd
 .text          0x08000770      0x230 d:/3.tools/arm_gcc_toolchain/bin/../lib/gcc/arm-none-eabi/10.3.1/thumb/v6-m/nofp\libgcc.a(divsf3.o)
                0x08000770                __aeabi_fdiv
 .text          0x080009a0      0x24c d:/3.tools/arm_gcc_toolchain/bin/../lib/gcc/arm-none-eabi/10.3.1/thumb/v6-m/nofp\libgcc.a(mulsf3.o)
                0x080009a0                __aeabi_fmul
 .text          0x08000bec      0x35c d:/3.tools/arm_gcc_toolchain/bin/../lib/gcc/arm-none-eabi/10.3.1/thumb/v6-m/nofp\libgcc.a(subsf3.o)
                0x08000bec                __aeabi_fsub
 .text          0x08000f48       0x40 d:/3.tools/arm_gcc_toolchain/bin/../lib/gcc/arm-none-eabi/10.3.1/thumb/v6-m/nofp\libgcc.a(fixsfsi.o)
                0x08000f48                __aeabi_f2iz
 .text          0x08000f88       0x84 d:/3.tools/arm_gcc_toolchain/bin/../lib/gcc/arm-none-eabi/10.3.1/thumb/v6-m/nofp\libgcc.a(floatunsisf.o)
                0x08000f88                __aeabi_ui2f
 .text          0x0800100c       0x74 d:/3.tools/arm_gcc_toolchain/bin/../lib/gcc/arm-none-eabi/10.3.1/thumb/v6-m/nofp\libgcc.a(_arm_cmpsf2.o)
                0x0800100c                __aeabi_cfrcmple
                0x08001014                __aeabi_cfcmpeq
                0x08001014                __aeabi_cfcmple
                0x08001024                __aeabi_fcmpeq
                0x08001030                __aeabi_fcmplt
                0x08001044                __aeabi_fcmple
                0x08001058                __aeabi_fcmpgt
                0x0800106c                __aeabi_fcmpge
 .text          0x08001080       0x3c d:/3.tools/arm_gcc_toolchain/bin/../lib/gcc/arm-none-eabi/10.3.1/thumb/v6-m/nofp\libgcc.a(_clzsi2.o)
                0x08001080                __clzsi2
 .text          0x080010bc       0x4c d:/3.tools/arm_gcc_toolchain/bin/../lib/gcc/arm-none-eabi/10.3.1/thumb/v6-m/nofp\libgcc.a(eqsf2.o)
                0x080010bc                __eqsf2
                0x080010bc                __nesf2
 .text          0x08001108       0x8c d:/3.tools/arm_gcc_toolchain/bin/../lib/gcc/arm-none-eabi/10.3.1/thumb/v6-m/nofp\libgcc.a(gesf2.o)
                0x08001108                __gesf2
                0x08001108                __gtsf2
 .text          0x08001194       0x88 d:/3.tools/arm_gcc_toolchain/bin/../lib/gcc/arm-none-eabi/10.3.1/thumb/v6-m/nofp\libgcc.a(lesf2.o)
                0x08001194                __ltsf2
                0x08001194                __lesf2
 *(.text*)
 .text.MX_GPIO_Init
                0x0800121c       0xf4 build/main.o
 .text.Error_Handler
                0x08001310        0x4 build/main.o
                0x08001310                Error_Handler
 .text.MX_ADC_Init
                0x08001314       0x88 build/main.o
 .text.MX_TIM16_Init
                0x0800139c       0x34 build/main.o
 .text.MX_I2C1_Init
                0x080013d0       0x58 build/main.o
 .text.MX_TIM1_Init
                0x08001428      0x100 build/main.o
 .text.MX_TIM14_Init
                0x08001528       0x34 build/main.o
 .text.MX_TIM3_Init
                0x0800155c       0xc4 build/main.o
 .text.MX_USART1_UART_Init
                0x08001620       0x38 build/main.o
 .text.SystemClock_Config
                0x08001658       0x84 build/main.o
                0x08001658                SystemClock_Config
 .text.main     0x080016dc       0x80 build/main.o
                0x080016dc                main
 .text.NMI_Handler
                0x0800175c        0x2 build/stm32f0xx_it.o
                0x0800175c                NMI_Handler
 .text.SVC_Handler
                0x0800175e        0x2 build/stm32f0xx_it.o
                0x0800175e                SVC_Handler
 .text.PendSV_Handler
                0x08001760        0x2 build/stm32f0xx_it.o
                0x08001760                PendSV_Handler
 *fill*         0x08001762        0x2 
 .text.HAL_TIM_PeriodElapsedCallback
                0x08001764       0x2c build/stm32f0xx_it.o
                0x08001764                HAL_TIM_PeriodElapsedCallback
 .text.HAL_MspInit
                0x08001790       0x30 build/stm32f0xx_hal_msp.o
                0x08001790                HAL_MspInit
 .text.HAL_ADC_MspInit
                0x080017c0       0x60 build/stm32f0xx_hal_msp.o
                0x080017c0                HAL_ADC_MspInit
 .text.HAL_I2C_MspInit
                0x08001820       0x8c build/stm32f0xx_hal_msp.o
                0x08001820                HAL_I2C_MspInit
 .text.HAL_TIM_Base_MspInit
                0x080018ac       0xac build/stm32f0xx_hal_msp.o
                0x080018ac                HAL_TIM_Base_MspInit
 .text.HAL_TIM_MspPostInit
                0x08001958       0xb4 build/stm32f0xx_hal_msp.o
                0x08001958                HAL_TIM_MspPostInit
 .text.HAL_UART_MspInit
                0x08001a0c       0x78 build/stm32f0xx_hal_msp.o
                0x08001a0c                HAL_UART_MspInit
 .text.Os_1ms_Task
                0x08001a84        0x2 build/os.o
 *fill*         0x08001a86        0x2 
 .text.Os_100ms_Task
                0x08001a88       0x64 build/os.o
 .text.Os_10ms_Task
                0x08001aec       0x14 build/os.o
 .text.Os_Init_Task
                0x08001b00        0xc build/os.o
                0x08001b00                Os_Init_Task
 .text.Os_Time_Handler
                0x08001b0c       0x10 build/os.o
                0x08001b0c                Os_Time_Handler
 .text.Os_Get_Tick_100us
                0x08001b1c        0xc build/os.o
                0x08001b1c                Os_Get_Tick_100us
 .text.Os_Calc_Runtime_Start
                0x08001b28       0x2c build/os.o
 .text.Os_Calc_Runtime_Stop
                0x08001b54       0x54 build/os.o
 .text.Os_Calc_Period
                0x08001ba8       0x54 build/os.o
 .text.Os_Handler
                0x08001bfc       0x4c build/os.o
                0x08001bfc                Os_Handler
 .text.Os_Handler_1ms
                0x08001c48       0x50 build/os.o
                0x08001c48                Os_Handler_1ms
 .text.Os_Handler_10ms
                0x08001c98       0x38 build/os.o
                0x08001c98                Os_Handler_10ms
 .text.LED_Control
                0x08001cd0      0x21c build/led.o
                0x08001cd0                LED_Control
 .text.Switch_Control
                0x08001eec      0x3d4 build/switch.o
                0x08001eec                Switch_Control
 .text.Pwm_SubMode_Target_Set
                0x080022c0      0x1dc build/pwm.o
 .text.Pwm_Peltier_Set_Duty
                0x0800249c        0xc build/pwm.o
 .text.Pwm_Heater_Set_Duty
                0x080024a8        0xc build/pwm.o
 .text.Pwm_Servo_Set_Duty
                0x080024b4        0xc build/pwm.o
 .text.Pwm_Fan_Set_Duty
                0x080024c0        0xc build/pwm.o
 .text.Pwm_Control
                0x080024cc      0x17c build/pwm.o
 .text.Pwm_Output
                0x08002648      0x118 build/pwm.o
                0x08002648                Pwm_Output
 .text.Temperature_Compensation
                0x08002760      0x734 build/temp.o
 .text.Temp_Read
                0x08002e94      0x164 build/temp.o
                0x08002e94                Temp_Read
 .text.Clear_TxBuffer
                0x08002ff8       0x20 build/oled.o
 .text.OLED_Set_X_Y
                0x08003018        0xc build/oled.o
 .text.OLED_DrawPixel
                0x08003024       0x40 build/oled.o
 .text.OLED_Set_Char
                0x08003064       0xa4 build/oled.o
 .text.Print_TxBuffer
                0x08003108       0x68 build/oled.o
 .text.Print_TxBufferKorean
                0x08003170       0x58 build/oled.o
 .text.OLED_KoreanFonts
                0x080031c8      0x1a0 build/oled.o
 .text.OLED_Write_Command
                0x08003368       0x28 build/oled.o
 .text.OLED_Fill_Screen
                0x08003390       0x1c build/oled.o
 .text.OLED_Update_Screen
                0x080033ac       0x50 build/oled.o
 .text.OLED_Print_Idle
                0x080033fc       0x1c build/oled.o
 .text.OLED_Print_Run
                0x08003418      0x284 build/oled.o
 .text.OLED_Print_Select
                0x0800369c       0x74 build/oled.o
 .text.OLED_Print_Custom
                0x08003710      0x214 build/oled.o
 .text.OLED_Init
                0x08003924       0xd4 build/oled.o
                0x08003924                OLED_Init
 .text.OLED_Display
                0x080039f8       0x30 build/oled.o
                0x080039f8                OLED_Display
 .text.CO2_ReadData
                0x08003a28       0x48 build/co2.o
 .text.CO2_Init
                0x08003a70       0x40 build/co2.o
                0x08003a70                CO2_Init
 .text.CO2_Communication
                0x08003ab0        0x8 build/co2.o
                0x08003ab0                CO2_Communication
 .text.ADC_Enable
                0x08003ab8       0xb0 build/stm32f0xx_hal_adc.o
 .text.HAL_ADC_Init
                0x08003b68      0x184 build/stm32f0xx_hal_adc.o
                0x08003b68                HAL_ADC_Init
 .text.HAL_ADC_Start
                0x08003cec       0x60 build/stm32f0xx_hal_adc.o
                0x08003cec                HAL_ADC_Start
 .text.HAL_ADC_PollForConversion
                0x08003d4c       0xc8 build/stm32f0xx_hal_adc.o
                0x08003d4c                HAL_ADC_PollForConversion
 .text.HAL_ADC_GetValue
                0x08003e14        0x6 build/stm32f0xx_hal_adc.o
                0x08003e14                HAL_ADC_GetValue
 *fill*         0x08003e1a        0x2 
 .text.HAL_ADC_ConfigChannel
                0x08003e1c      0x134 build/stm32f0xx_hal_adc.o
                0x08003e1c                HAL_ADC_ConfigChannel
 .text.HAL_InitTick
                0x08003f50       0x50 build/stm32f0xx_hal.o
                0x08003f50                HAL_InitTick
 .text.HAL_Init
                0x08003fa0       0x20 build/stm32f0xx_hal.o
                0x08003fa0                HAL_Init
 .text.HAL_IncTick
                0x08003fc0       0x18 build/stm32f0xx_hal.o
                0x08003fc0                HAL_IncTick
 .text.HAL_GetTick
                0x08003fd8        0xc build/stm32f0xx_hal.o
                0x08003fd8                HAL_GetTick
 .text.HAL_RCC_OscConfig
                0x08003fe4      0x49c build/stm32f0xx_hal_rcc.o
                0x08003fe4                HAL_RCC_OscConfig
 .text.HAL_RCC_GetSysClockFreq
                0x08004480       0x70 build/stm32f0xx_hal_rcc.o
                0x08004480                HAL_RCC_GetSysClockFreq
 .text.HAL_RCC_ClockConfig
                0x080044f0      0x134 build/stm32f0xx_hal_rcc.o
                0x080044f0                HAL_RCC_ClockConfig
 .text.HAL_RCC_GetHCLKFreq
                0x08004624        0xc build/stm32f0xx_hal_rcc.o
                0x08004624                HAL_RCC_GetHCLKFreq
 .text.HAL_RCC_GetPCLK1Freq
                0x08004630       0x20 build/stm32f0xx_hal_rcc.o
                0x08004630                HAL_RCC_GetPCLK1Freq
 .text.HAL_RCCEx_PeriphCLKConfig
                0x08004650      0x11c build/stm32f0xx_hal_rcc_ex.o
                0x08004650                HAL_RCCEx_PeriphCLKConfig
 .text.HAL_GPIO_Init
                0x0800476c      0x18c build/stm32f0xx_hal_gpio.o
                0x0800476c                HAL_GPIO_Init
 .text.HAL_GPIO_ReadPin
                0x080048f8        0xe build/stm32f0xx_hal_gpio.o
                0x080048f8                HAL_GPIO_ReadPin
 .text.HAL_GPIO_WritePin
                0x08004906        0xc build/stm32f0xx_hal_gpio.o
                0x08004906                HAL_GPIO_WritePin
 *fill*         0x08004912        0x2 
 .text.HAL_NVIC_SetPriority
                0x08004914       0x60 build/stm32f0xx_hal_cortex.o
                0x08004914                HAL_NVIC_SetPriority
 .text.HAL_NVIC_EnableIRQ
                0x08004974       0x18 build/stm32f0xx_hal_cortex.o
                0x08004974                HAL_NVIC_EnableIRQ
 .text.HAL_SYSTICK_Config
                0x0800498c       0x38 build/stm32f0xx_hal_cortex.o
                0x0800498c                HAL_SYSTICK_Config
 .text.I2C_Flush_TXDR
                0x080049c4       0x1e build/stm32f0xx_hal_i2c.o
 *fill*         0x080049e2        0x2 
 .text.I2C_TransferConfig
                0x080049e4       0x30 build/stm32f0xx_hal_i2c.o
 .text.I2C_IsAcknowledgeFailed
                0x08004a14       0x90 build/stm32f0xx_hal_i2c.o
 .text.I2C_WaitOnTXISFlagUntilTimeout
                0x08004aa4       0x52 build/stm32f0xx_hal_i2c.o
 .text.I2C_WaitOnFlagUntilTimeout
                0x08004af6       0x54 build/stm32f0xx_hal_i2c.o
 *fill*         0x08004b4a        0x2 
 .text.I2C_RequestMemoryWrite
                0x08004b4c       0x78 build/stm32f0xx_hal_i2c.o
 .text.I2C_RequestMemoryRead
                0x08004bc4       0x74 build/stm32f0xx_hal_i2c.o
 .text.I2C_WaitOnSTOPFlagUntilTimeout
                0x08004c38       0x4e build/stm32f0xx_hal_i2c.o
 *fill*         0x08004c86        0x2 
 .text.HAL_I2C_Init
                0x08004c88       0xcc build/stm32f0xx_hal_i2c.o
                0x08004c88                HAL_I2C_Init
 .text.HAL_I2C_Master_Transmit
                0x08004d54      0x174 build/stm32f0xx_hal_i2c.o
                0x08004d54                HAL_I2C_Master_Transmit
 .text.HAL_I2C_Mem_Write
                0x08004ec8      0x1a0 build/stm32f0xx_hal_i2c.o
                0x08004ec8                HAL_I2C_Mem_Write
 .text.HAL_I2C_Mem_Read
                0x08005068      0x1a8 build/stm32f0xx_hal_i2c.o
                0x08005068                HAL_I2C_Mem_Read
 .text.HAL_I2CEx_ConfigAnalogFilter
                0x08005210       0x58 build/stm32f0xx_hal_i2c_ex.o
                0x08005210                HAL_I2CEx_ConfigAnalogFilter
 .text.HAL_I2CEx_ConfigDigitalFilter
                0x08005268       0x54 build/stm32f0xx_hal_i2c_ex.o
                0x08005268                HAL_I2CEx_ConfigDigitalFilter
 .text.HAL_TIM_PWM_MspInit
                0x080052bc        0x2 build/stm32f0xx_hal_tim.o
                0x080052bc                HAL_TIM_PWM_MspInit
 .text.HAL_TIM_PeriodElapsedHalfCpltCallback
                0x080052be        0x2 build/stm32f0xx_hal_tim.o
                0x080052be                HAL_TIM_PeriodElapsedHalfCpltCallback
 .text.HAL_TIM_OC_DelayElapsedCallback
                0x080052c0        0x2 build/stm32f0xx_hal_tim.o
                0x080052c0                HAL_TIM_OC_DelayElapsedCallback
 .text.HAL_TIM_IC_CaptureCallback
                0x080052c2        0x2 build/stm32f0xx_hal_tim.o
                0x080052c2                HAL_TIM_IC_CaptureCallback
 .text.HAL_TIM_IC_CaptureHalfCpltCallback
                0x080052c4        0x2 build/stm32f0xx_hal_tim.o
                0x080052c4                HAL_TIM_IC_CaptureHalfCpltCallback
 .text.HAL_TIM_PWM_PulseFinishedCallback
                0x080052c6        0x2 build/stm32f0xx_hal_tim.o
                0x080052c6                HAL_TIM_PWM_PulseFinishedCallback
 .text.HAL_TIM_PWM_PulseFinishedHalfCpltCallback
                0x080052c8        0x2 build/stm32f0xx_hal_tim.o
                0x080052c8                HAL_TIM_PWM_PulseFinishedHalfCpltCallback
 .text.HAL_TIM_TriggerCallback
                0x080052ca        0x2 build/stm32f0xx_hal_tim.o
                0x080052ca                HAL_TIM_TriggerCallback
 .text.HAL_TIM_TriggerHalfCpltCallback
                0x080052cc        0x2 build/stm32f0xx_hal_tim.o
                0x080052cc                HAL_TIM_TriggerHalfCpltCallback
 .text.HAL_TIM_ErrorCallback
                0x080052ce        0x2 build/stm32f0xx_hal_tim.o
                0x080052ce                HAL_TIM_ErrorCallback
 .text.TIM_OC1_SetConfig
                0x080052d0       0x78 build/stm32f0xx_hal_tim.o
 .text.TIM_OC3_SetConfig
                0x08005348       0x88 build/stm32f0xx_hal_tim.o
 .text.TIM_OC4_SetConfig
                0x080053d0       0x68 build/stm32f0xx_hal_tim.o
 .text.TIM_TI1_ConfigInputStage
                0x08005438       0x22 build/stm32f0xx_hal_tim.o
 *fill*         0x0800545a        0x2 
 .text.TIM_TI2_ConfigInputStage
                0x0800545c       0x28 build/stm32f0xx_hal_tim.o
 .text.TIM_ITRx_SetConfig
                0x08005484       0x10 build/stm32f0xx_hal_tim.o
 .text.HAL_TIM_Base_Start_IT
                0x08005494       0x58 build/stm32f0xx_hal_tim.o
                0x08005494                HAL_TIM_Base_Start_IT
 .text.HAL_TIM_IRQHandler
                0x080054ec      0x176 build/stm32f0xx_hal_tim.o
                0x080054ec                HAL_TIM_IRQHandler
 *fill*         0x08005662        0x2 
 .text.TIM_Base_SetConfig
                0x08005664       0x84 build/stm32f0xx_hal_tim.o
                0x08005664                TIM_Base_SetConfig
 .text.TIM_OC2_SetConfig
                0x080056e8       0x80 build/stm32f0xx_hal_tim.o
                0x080056e8                TIM_OC2_SetConfig
 .text.HAL_TIM_PWM_ConfigChannel
                0x08005768       0xf0 build/stm32f0xx_hal_tim.o
                0x08005768                HAL_TIM_PWM_ConfigChannel
 .text.TIM_ETR_SetConfig
                0x08005858       0x18 build/stm32f0xx_hal_tim.o
                0x08005858                TIM_ETR_SetConfig
 .text.HAL_TIM_ConfigClockSource
                0x08005870      0x108 build/stm32f0xx_hal_tim.o
                0x08005870                HAL_TIM_ConfigClockSource
 .text.TIM_CCxChannelCmd
                0x08005978       0x1a build/stm32f0xx_hal_tim.o
                0x08005978                TIM_CCxChannelCmd
 *fill*         0x08005992        0x2 
 .text.HAL_TIM_PWM_Start
                0x08005994       0xe4 build/stm32f0xx_hal_tim.o
                0x08005994                HAL_TIM_PWM_Start
 .text.TIM_ResetCallback
                0x08005a78       0x84 build/stm32f0xx_hal_tim.o
                0x08005a78                TIM_ResetCallback
 .text.HAL_TIM_Base_Init
                0x08005afc       0x70 build/stm32f0xx_hal_tim.o
                0x08005afc                HAL_TIM_Base_Init
 .text.HAL_TIM_PWM_Init
                0x08005b6c       0x70 build/stm32f0xx_hal_tim.o
                0x08005b6c                HAL_TIM_PWM_Init
 .text.TIM_CCxNChannelCmd
                0x08005bdc       0x1a build/stm32f0xx_hal_tim_ex.o
 *fill*         0x08005bf6        0x2 
 .text.HAL_TIMEx_PWMN_Start
                0x08005bf8       0xc8 build/stm32f0xx_hal_tim_ex.o
                0x08005bf8                HAL_TIMEx_PWMN_Start
 .text.HAL_TIMEx_MasterConfigSynchronization
                0x08005cc0       0x5c build/stm32f0xx_hal_tim_ex.o
                0x08005cc0                HAL_TIMEx_MasterConfigSynchronization
 .text.HAL_TIMEx_ConfigBreakDeadTime
                0x08005d1c       0x6c build/stm32f0xx_hal_tim_ex.o
                0x08005d1c                HAL_TIMEx_ConfigBreakDeadTime
 .text.HAL_TIMEx_CommutCallback
                0x08005d88        0x2 build/stm32f0xx_hal_tim_ex.o
                0x08005d88                HAL_TIMEx_CommutCallback
 .text.HAL_TIMEx_CommutHalfCpltCallback
                0x08005d8a        0x2 build/stm32f0xx_hal_tim_ex.o
                0x08005d8a                HAL_TIMEx_CommutHalfCpltCallback
 .text.HAL_TIMEx_BreakCallback
                0x08005d8c        0x2 build/stm32f0xx_hal_tim_ex.o
                0x08005d8c                HAL_TIMEx_BreakCallback
 *fill*         0x08005d8e        0x2 
 .text.UART_SetConfig
                0x08005d90      0x158 build/stm32f0xx_hal_uart.o
                0x08005d90                UART_SetConfig
 .text.UART_AdvFeatureConfig
                0x08005ee8       0xe0 build/stm32f0xx_hal_uart.o
                0x08005ee8                UART_AdvFeatureConfig
 .text.UART_WaitOnFlagUntilTimeout
                0x08005fc8       0xdc build/stm32f0xx_hal_uart.o
                0x08005fc8                UART_WaitOnFlagUntilTimeout
 .text.UART_CheckIdleState
                0x080060a4       0x70 build/stm32f0xx_hal_uart.o
                0x080060a4                UART_CheckIdleState
 .text.HAL_UART_Init
                0x08006114       0x6c build/stm32f0xx_hal_uart.o
                0x08006114                HAL_UART_Init
 .text.SystemInit
                0x08006180        0x2 build/system_stm32f0xx.o
                0x08006180                SystemInit
 *fill*         0x08006182        0x2 
 .text.Reset_Handler
                0x08006184       0x44 build/startup_stm32f030x6.o
                0x08006184                Reset_Handler
 .text.Default_Handler
                0x080061c8        0x2 build/startup_stm32f030x6.o
                0x080061c8                Default_Handler
 .text.HardFault_Handler
                0x080061ca        0x6 build/startup_stm32f030x6.o
                0x080061ca                HardFault_Handler
 .text.WWDG_IRQHandler
                0x080061d0        0x6 build/startup_stm32f030x6.o
                0x080061d0                WWDG_IRQHandler
 .text.RTC_IRQHandler
                0x080061d6        0x6 build/startup_stm32f030x6.o
                0x080061d6                RTC_IRQHandler
 .text.FLASH_IRQHandler
                0x080061dc        0x6 build/startup_stm32f030x6.o
                0x080061dc                FLASH_IRQHandler
 .text.RCC_IRQHandler
                0x080061e2        0x6 build/startup_stm32f030x6.o
                0x080061e2                RCC_IRQHandler
 .text.EXTI0_1_IRQHandler
                0x080061e8        0x6 build/startup_stm32f030x6.o
                0x080061e8                EXTI0_1_IRQHandler
 .text.EXTI2_3_IRQHandler
                0x080061ee        0x6 build/startup_stm32f030x6.o
                0x080061ee                EXTI2_3_IRQHandler
 .text.EXTI4_15_IRQHandler
                0x080061f4        0x6 build/startup_stm32f030x6.o
                0x080061f4                EXTI4_15_IRQHandler
 .text.DMA1_Channel1_IRQHandler
                0x080061fa        0x6 build/startup_stm32f030x6.o
                0x080061fa                DMA1_Channel1_IRQHandler
 .text.DMA1_Channel2_3_IRQHandler
                0x08006200        0x6 build/startup_stm32f030x6.o
                0x08006200                DMA1_Channel2_3_IRQHandler
 .text.DMA1_Channel4_5_IRQHandler
                0x08006206        0x6 build/startup_stm32f030x6.o
                0x08006206                DMA1_Channel4_5_IRQHandler
 .text.ADC1_IRQHandler
                0x0800620c        0x6 build/startup_stm32f030x6.o
                0x0800620c                ADC1_IRQHandler
 .text.TIM1_BRK_UP_TRG_COM_IRQHandler
                0x08006212        0x6 build/startup_stm32f030x6.o
                0x08006212                TIM1_BRK_UP_TRG_COM_IRQHandler
 .text.TIM1_CC_IRQHandler
                0x08006218        0x6 build/startup_stm32f030x6.o
                0x08006218                TIM1_CC_IRQHandler
 .text.TIM3_IRQHandler
                0x0800621e        0x6 build/startup_stm32f030x6.o
                0x0800621e                TIM3_IRQHandler
 .text.TIM17_IRQHandler
                0x08006224        0x6 build/startup_stm32f030x6.o
                0x08006224                TIM17_IRQHandler
 .text.I2C1_IRQHandler
                0x0800622a        0x6 build/startup_stm32f030x6.o
                0x0800622a                I2C1_IRQHandler
 .text.SPI1_IRQHandler
                0x08006230        0x6 build/startup_stm32f030x6.o
                0x08006230                SPI1_IRQHandler
 .text.USART1_IRQHandler
                0x08006236        0x6 build/startup_stm32f030x6.o
                0x08006236                USART1_IRQHandler
 .text.TIM14_Handler
                0x0800623c       0x10 build/startup_stm32f030x6.o
                0x0800623c                TIM14_Handler
 .text.TIM14_IRQHandler
                0x0800624c        0x8 build/startup_stm32f030x6.o
                0x0800624c                TIM14_IRQHandler
 .text.TIM16_Handler
                0x08006254       0x10 build/startup_stm32f030x6.o
                0x08006254                TIM16_Handler
 .text.TIM16_IRQHandler
                0x08006264        0x8 build/startup_stm32f030x6.o
                0x08006264                TIM16_IRQHandler
 .text.SystemTick_Handler
                0x0800626c        0xc build/startup_stm32f030x6.o
                0x0800626c                SystemTick_Handler
 .text.SysTick_Handler
                0x08006278        0x8 build/startup_stm32f030x6.o
                0x08006278                SysTick_Handler
 .text.__libc_init_array
                0x08006280       0x48 d:/3.tools/arm_gcc_toolchain/bin/../lib/gcc/arm-none-eabi/10.3.1/../../../../arm-none-eabi/lib/thumb/v6-m/nofp\libc_nano.a(lib_a-init.o)
                0x08006280                __libc_init_array
 .text.memcpy   0x080062c8       0x12 d:/3.tools/arm_gcc_toolchain/bin/../lib/gcc/arm-none-eabi/10.3.1/../../../../arm-none-eabi/lib/thumb/v6-m/nofp\libc_nano.a(lib_a-memcpy-stub.o)
                0x080062c8                memcpy
 .text.memset   0x080062da       0x10 d:/3.tools/arm_gcc_toolchain/bin/../lib/gcc/arm-none-eabi/10.3.1/../../../../arm-none-eabi/lib/thumb/v6-m/nofp\libc_nano.a(lib_a-memset.o)
                0x080062da                memset
 *(.glue_7)
 .glue_7        0x080062ea        0x0 linker stubs
 *(.glue_7t)
 .glue_7t       0x080062ea        0x0 linker stubs
 *(.eh_frame)
 *fill*         0x080062ea        0x2 
 .eh_frame      0x080062ec        0x0 d:/3.tools/arm_gcc_toolchain/bin/../lib/gcc/arm-none-eabi/10.3.1/thumb/v6-m/nofp/crtbegin.o
 *(.init)
 .init          0x080062ec        0x4 d:/3.tools/arm_gcc_toolchain/bin/../lib/gcc/arm-none-eabi/10.3.1/thumb/v6-m/nofp/crti.o
                0x080062ec                _init
 .init          0x080062f0        0x8 d:/3.tools/arm_gcc_toolchain/bin/../lib/gcc/arm-none-eabi/10.3.1/thumb/v6-m/nofp/crtn.o
 *(.fini)
 .fini          0x080062f8        0x4 d:/3.tools/arm_gcc_toolchain/bin/../lib/gcc/arm-none-eabi/10.3.1/thumb/v6-m/nofp/crti.o
                0x080062f8                _fini
 .fini          0x080062fc        0x8 d:/3.tools/arm_gcc_toolchain/bin/../lib/gcc/arm-none-eabi/10.3.1/thumb/v6-m/nofp/crtn.o
                0x08006304                . = ALIGN (0x4)
                0x08006304                _etext = .

.vfp11_veneer   0x08006304        0x0
 .vfp11_veneer  0x08006304        0x0 linker stubs

.v4_bx          0x08006304        0x0
 .v4_bx         0x08006304        0x0 linker stubs

.iplt           0x08006304        0x0
 .iplt          0x08006304        0x0 d:/3.tools/arm_gcc_toolchain/bin/../lib/gcc/arm-none-eabi/10.3.1/thumb/v6-m/nofp/crtbegin.o

.rodata         0x08006304      0xf18
                0x08006304                . = ALIGN (0x4)
 *(.rodata)
 .rodata        0x08006304       0x80 d:/3.tools/arm_gcc_toolchain/bin/../lib/gcc/arm-none-eabi/10.3.1/thumb/v6-m/nofp\libgcc.a(divsf3.o)
 .rodata        0x08006384       0x40 d:/3.tools/arm_gcc_toolchain/bin/../lib/gcc/arm-none-eabi/10.3.1/thumb/v6-m/nofp\libgcc.a(mulsf3.o)
 *(.rodata*)
 .rodata.Pwm_SubMode_Target_Set
                0x080063c4       0x50 build/pwm.o
 .rodata.OLED_KoreanFonts
                0x08006414       0x50 build/oled.o
 .rodata.OLED_Print_Run.str1.4
                0x08006464       0x29 build/oled.o
 *fill*         0x0800648d        0x3 
 .rodata.OLED_Print_Select.str1.4
                0x08006490       0x12 build/oled.o
 *fill*         0x080064a2        0x2 
 .rodata.OLED_Print_Custom.str1.4
                0x080064a4       0x49 build/oled.o
 *fill*         0x080064ed        0x3 
 .rodata.Font10x16
                0x080064f0      0x580 build/oled_fonts.o
 .rodata.Font7x10
                0x08006a70      0x76c build/oled_fonts.o
 .rodata.HAL_RCC_GetSysClockFreq.str1.4
                0x080071dc       0x25 build/stm32f0xx_hal_rcc.o
 *fill*         0x08007201        0x3 
 .rodata.AHBPrescTable
                0x08007204       0x10 build/system_stm32f0xx.o
                0x08007204                AHBPrescTable
 .rodata.APBPrescTable
                0x08007214        0x8 build/system_stm32f0xx.o
                0x08007214                APBPrescTable
                0x0800721c                . = ALIGN (0x4)

.rel.dyn        0x0800721c        0x0
 .rel.iplt      0x0800721c        0x0 d:/3.tools/arm_gcc_toolchain/bin/../lib/gcc/arm-none-eabi/10.3.1/thumb/v6-m/nofp/crtbegin.o

.ARM.extab
 *(.ARM.extab* .gnu.linkonce.armextab.*)

.ARM            0x0800721c        0x0
                0x0800721c                __exidx_start = .
 *(.ARM.exidx*)
                0x0800721c                __exidx_end = .

.preinit_array  0x0800721c        0x0
                0x0800721c                PROVIDE (__preinit_array_start = .)
 *(.preinit_array*)
                0x0800721c                PROVIDE (__preinit_array_end = .)

.init_array     0x0800721c        0x4
                0x0800721c                PROVIDE (__init_array_start = .)
 *(SORT_BY_NAME(.init_array.*))
 *(.init_array*)
 .init_array    0x0800721c        0x4 d:/3.tools/arm_gcc_toolchain/bin/../lib/gcc/arm-none-eabi/10.3.1/thumb/v6-m/nofp/crtbegin.o
                0x08007220                PROVIDE (__init_array_end = .)

.fini_array     0x08007220        0x4
                [!provide]                PROVIDE (__fini_array_start = .)
 *(SORT_BY_NAME(.fini_array.*))
 *(.fini_array*)
 .fini_array    0x08007220        0x4 d:/3.tools/arm_gcc_toolchain/bin/../lib/gcc/arm-none-eabi/10.3.1/thumb/v6-m/nofp/crtbegin.o
                [!provide]                PROVIDE (__fini_array_end = .)
                0x08007224                _sidata = LOADADDR (.data)

.data           0x20000000       0x20 load address 0x08007224
                0x20000000                . = ALIGN (0x4)
                0x20000000                _sdata = .
 *(.data)
 *(.data*)
 .data.Temp_Avg_CPU_Count
                0x20000000        0x1 build/temp.o
                0x20000000                Temp_Avg_CPU_Count
 .data.Temp_Avg_TP_Count
                0x20000001        0x1 build/temp.o
                0x20000001                Temp_Avg_TP_Count
 *fill*         0x20000002        0x2 
 .data.OLED_Font_10x16
                0x20000004        0x8 build/oled_fonts.o
                0x20000004                OLED_Font_10x16
 .data.OLED_Font_7x10
                0x2000000c        0x8 build/oled_fonts.o
                0x2000000c                OLED_Font_7x10
 .data.uwTickFreq
                0x20000014        0x1 build/stm32f0xx_hal.o
                0x20000014                uwTickFreq
 *fill*         0x20000015        0x3 
 .data.uwTickPrio
                0x20000018        0x4 build/stm32f0xx_hal.o
                0x20000018                uwTickPrio
 .data.SystemCoreClock
                0x2000001c        0x4 build/system_stm32f0xx.o
                0x2000001c                SystemCoreClock
                0x20000020                . = ALIGN (0x4)
                0x20000020                _edata = .

.igot.plt       0x20000020        0x0 load address 0x08007244
 .igot.plt      0x20000020        0x0 d:/3.tools/arm_gcc_toolchain/bin/../lib/gcc/arm-none-eabi/10.3.1/thumb/v6-m/nofp/crtbegin.o
                0x20000020                . = ALIGN (0x4)

.bss            0x20000020      0x798 load address 0x08007244
                0x20000020                _sbss = .
                0x20000020                __bss_start__ = _sbss
 *(.bss)
 .bss           0x20000020       0x1c d:/3.tools/arm_gcc_toolchain/bin/../lib/gcc/arm-none-eabi/10.3.1/thumb/v6-m/nofp/crtbegin.o
 *(.bss*)
 .bss.hadc      0x2000003c       0x40 build/main.o
                0x2000003c                hadc
 .bss.hi2c1     0x2000007c       0x4c build/main.o
                0x2000007c                hi2c1
 .bss.htim1     0x200000c8       0xb4 build/main.o
                0x200000c8                htim1
 .bss.htim14    0x2000017c       0xb4 build/main.o
                0x2000017c                htim14
 .bss.htim16    0x20000230       0xb4 build/main.o
                0x20000230                htim16
 .bss.htim3     0x200002e4       0xb4 build/main.o
                0x200002e4                htim3
 .bss.huart1    0x20000398       0x84 build/main.o
                0x20000398                huart1
 .bss.EEPROM_Write_Req
                0x2000041c        0x1 build/os.o
                0x2000041c                EEPROM_Write_Req
 .bss.EEPROM_Write_cntReq
                0x2000041d        0x1 build/os.o
                0x2000041d                EEPROM_Write_cntReq
 *fill*         0x2000041e        0x2 
 .bss.Os_Var    0x20000420       0x64 build/os.o
                0x20000420                Os_Var
 .bss.switch_mode_old
                0x20000484        0x1 build/os.o
                0x20000484                switch_mode_old
 *fill*         0x20000485        0x1 
 .bss.LED_TimeCounter
                0x20000486        0x2 build/led.o
                0x20000486                LED_TimeCounter
 .bss.LED_TimeCounter_Co2
                0x20000488        0x2 build/led.o
                0x20000488                LED_TimeCounter_Co2
 .bss.cup_in    0x2000048a        0x1 build/switch.o
                0x2000048a                cup_in
 .bss.cup_in_old
                0x2000048b        0x1 build/switch.o
                0x2000048b                cup_in_old
 .bss.switch1_status
                0x2000048c        0x1 build/switch.o
                0x2000048c                switch1_status
 .bss.switch1_status_old
                0x2000048d        0x1 build/switch.o
                0x2000048d                switch1_status_old
 .bss.switch2_status
                0x2000048e        0x1 build/switch.o
                0x2000048e                switch2_status
 .bss.switch2_status_old
                0x2000048f        0x1 build/switch.o
                0x2000048f                switch2_status_old
 .bss.switch3_status
                0x20000490        0x1 build/switch.o
                0x20000490                switch3_status
 .bss.switch3_status_old
                0x20000491        0x1 build/switch.o
                0x20000491                switch3_status_old
 .bss.switch4_mode
                0x20000492        0x1 build/switch.o
                0x20000492                switch4_mode
 .bss.switch4_mode_old
                0x20000493        0x1 build/switch.o
                0x20000493                switch4_mode_old
 .bss.switch4_status
                0x20000494        0x1 build/switch.o
                0x20000494                switch4_status
 .bss.switch4_status_old
                0x20000495        0x1 build/switch.o
                0x20000495                switch4_status_old
 .bss.switch_custom_mode
                0x20000496        0x1 build/switch.o
                0x20000496                switch_custom_mode
 *fill*         0x20000497        0x1 
 .bss.switch_idle_temp
                0x20000498        0x2 build/switch.o
                0x20000498                switch_idle_temp
 .bss.switch_mode
                0x2000049a        0x1 build/switch.o
                0x2000049a                switch_mode
 .bss.switch_overtemp
                0x2000049b        0x1 build/switch.o
                0x2000049b                switch_overtemp
 .bss.switch_submode
                0x2000049c        0x1 build/switch.o
                0x2000049c                switch_submode
 *fill*         0x2000049d        0x1 
 .bss.switch_timer1
                0x2000049e        0x2 build/switch.o
                0x2000049e                switch_timer1
 .bss.switch_timer2
                0x200004a0        0x2 build/switch.o
                0x200004a0                switch_timer2
 .bss.switch_timer3
                0x200004a2        0x2 build/switch.o
                0x200004a2                switch_timer3
 .bss.switch_trg_temp
                0x200004a4        0x2 build/switch.o
                0x200004a4                switch_trg_temp
 .bss.switch_trg_time
                0x200004a6        0x2 build/switch.o
                0x200004a6                switch_trg_time
 .bss.Pwm_Duty_Fan
                0x200004a8        0x2 build/pwm.o
                0x200004a8                Pwm_Duty_Fan
 .bss.Pwm_Duty_Heater
                0x200004aa        0x2 build/pwm.o
                0x200004aa                Pwm_Duty_Heater
 .bss.Pwm_Duty_Peltier
                0x200004ac        0x2 build/pwm.o
                0x200004ac                Pwm_Duty_Peltier
 .bss.Pwm_Duty_Servo
                0x200004ae        0x2 build/pwm.o
                0x200004ae                Pwm_Duty_Servo
 .bss.Pwm_Led_Mode
                0x200004b0        0x1 build/pwm.o
                0x200004b0                Pwm_Led_Mode
 .bss.Pwm_Servo_status
                0x200004b1        0x1 build/pwm.o
                0x200004b1                Pwm_Servo_status
 .bss.Servo_timer
                0x200004b2        0x2 build/pwm.o
                0x200004b2                Servo_timer
 .bss.Target_Idle_Temp
                0x200004b4        0x2 build/pwm.o
                0x200004b4                Target_Idle_Temp
 .bss.Target_Run_Temp
                0x200004b6        0x2 build/pwm.o
                0x200004b6                Target_Run_Temp
 .bss.Target_Run_Time
                0x200004b8        0x4 build/pwm.o
                0x200004b8                Target_Run_Time
 .bss.first_status.0
                0x200004bc        0x1 build/pwm.o
 .bss.first_target_flag
                0x200004bd        0x1 build/pwm.o
                0x200004bd                first_target_flag
 .bss.Temp_Adc_CPU
                0x200004be        0x2 build/temp.o
                0x200004be                Temp_Adc_CPU
 .bss.Temp_Adc_CPU_Raw
                0x200004c0        0x2 build/temp.o
                0x200004c0                Temp_Adc_CPU_Raw
 .bss.Temp_Adc_CPU_Status
                0x200004c2        0x1 build/temp.o
                0x200004c2                Temp_Adc_CPU_Status
 *fill*         0x200004c3        0x1 
 .bss.Temp_Adc_CPU_Sum
                0x200004c4        0x4 build/temp.o
                0x200004c4                Temp_Adc_CPU_Sum
 .bss.Temp_Adc_CPU_Volt
                0x200004c8        0x2 build/temp.o
                0x200004c8                Temp_Adc_CPU_Volt
 .bss.Temp_Adc_TP
                0x200004ca        0x2 build/temp.o
                0x200004ca                Temp_Adc_TP
 .bss.Temp_Adc_TP_Raw
                0x200004cc        0x2 build/temp.o
                0x200004cc                Temp_Adc_TP_Raw
 .bss.Temp_Adc_TP_Status
                0x200004ce        0x1 build/temp.o
                0x200004ce                Temp_Adc_TP_Status
 *fill*         0x200004cf        0x1 
 .bss.Temp_Adc_TP_Sum
                0x200004d0        0x4 build/temp.o
                0x200004d0                Temp_Adc_TP_Sum
 .bss.Temp_Adc_TP_Volt
                0x200004d4        0x2 build/temp.o
                0x200004d4                Temp_Adc_TP_Volt
 *fill*         0x200004d6        0x2 
 .bss.OLED      0x200004d8        0x4 build/oled.o
                0x200004d8                OLED
 .bss.OLED_Buffer
                0x200004dc      0x200 build/oled.o
 .bss.Tx_data   0x200006dc       0x64 build/oled.o
                0x200006dc                Tx_data
 .bss.Tx_data_Korean
                0x20000740       0x64 build/oled.o
                0x20000740                Tx_data_Korean
 .bss.CO2_Data  0x200007a4        0x8 build/co2.o
                0x200007a4                CO2_Data
 .bss.CO2_Data16
                0x200007ac        0x2 build/co2.o
                0x200007ac                CO2_Data16
 .bss.CO2_Data_w
                0x200007ae        0x1 build/co2.o
                0x200007ae                CO2_Data_w
 *fill*         0x200007af        0x1 
 .bss.TVOC_Data16
                0x200007b0        0x2 build/co2.o
                0x200007b0                TVOC_Data16
 *fill*         0x200007b2        0x2 
 .bss.uwTick    0x200007b4        0x4 build/stm32f0xx_hal.o
                0x200007b4                uwTick
 *(COMMON)
                0x200007b8                . = ALIGN (0x4)
                0x200007b8                _ebss = .
                0x200007b8                __bss_end__ = _ebss

._user_heap_stack
                0x200007b8      0x600 load address 0x08007244
                0x200007b8                . = ALIGN (0x8)
                [!provide]                PROVIDE (end = .)
                [!provide]                PROVIDE (_end = .)
                0x200009b8                . = (. + _Min_Heap_Size)
 *fill*         0x200007b8      0x200 
                0x20000db8                . = (. + _Min_Stack_Size)
 *fill*         0x200009b8      0x400 
                0x20000db8                . = ALIGN (0x8)

/DISCARD/
 libc.a(*)
 libm.a(*)
 libgcc.a(*)

.ARM.attributes
                0x00000000       0x28
 *(.ARM.attributes)
 .ARM.attributes
                0x00000000       0x1e d:/3.tools/arm_gcc_toolchain/bin/../lib/gcc/arm-none-eabi/10.3.1/thumb/v6-m/nofp/crti.o
 .ARM.attributes
                0x0000001e       0x2c d:/3.tools/arm_gcc_toolchain/bin/../lib/gcc/arm-none-eabi/10.3.1/thumb/v6-m/nofp/crtbegin.o
 .ARM.attributes
                0x0000004a       0x2c build/main.o
 .ARM.attributes
                0x00000076       0x2c build/stm32f0xx_it.o
 .ARM.attributes
                0x000000a2       0x2c build/stm32f0xx_hal_msp.o
 .ARM.attributes
                0x000000ce       0x2c build/os.o
 .ARM.attributes
                0x000000fa       0x2c build/led.o
 .ARM.attributes
                0x00000126       0x2c build/switch.o
 .ARM.attributes
                0x00000152       0x2c build/pwm.o
 .ARM.attributes
                0x0000017e       0x2c build/temp.o
 .ARM.attributes
                0x000001aa       0x2c build/oled.o
 .ARM.attributes
                0x000001d6       0x2c build/oled_fonts.o
 .ARM.attributes
                0x00000202       0x2c build/co2.o
 .ARM.attributes
                0x0000022e       0x2c build/stm32f0xx_hal_adc.o
 .ARM.attributes
                0x0000025a       0x2c build/stm32f0xx_hal.o
 .ARM.attributes
                0x00000286       0x2c build/stm32f0xx_hal_rcc.o
 .ARM.attributes
                0x000002b2       0x2c build/stm32f0xx_hal_rcc_ex.o
 .ARM.attributes
                0x000002de       0x2c build/stm32f0xx_hal_gpio.o
 .ARM.attributes
                0x0000030a       0x2c build/stm32f0xx_hal_cortex.o
 .ARM.attributes
                0x00000336       0x2c build/stm32f0xx_hal_i2c.o
 .ARM.attributes
                0x00000362       0x2c build/stm32f0xx_hal_i2c_ex.o
 .ARM.attributes
                0x0000038e       0x2c build/stm32f0xx_hal_tim.o
 .ARM.attributes
                0x000003ba       0x2c build/stm32f0xx_hal_tim_ex.o
 .ARM.attributes
                0x000003e6       0x2c build/stm32f0xx_hal_uart.o
 .ARM.attributes
                0x00000412       0x2c build/system_stm32f0xx.o
 .ARM.attributes
                0x0000043e       0x2c build/startup_stm32f030x6.o
 .ARM.attributes
                0x0000046a       0x2c d:/3.tools/arm_gcc_toolchain/bin/../lib/gcc/arm-none-eabi/10.3.1/../../../../arm-none-eabi/lib/thumb/v6-m/nofp\libc_nano.a(lib_a-init.o)
 .ARM.attributes
                0x00000496       0x2c d:/3.tools/arm_gcc_toolchain/bin/../lib/gcc/arm-none-eabi/10.3.1/../../../../arm-none-eabi/lib/thumb/v6-m/nofp\libc_nano.a(lib_a-memcpy-stub.o)
 .ARM.attributes
                0x000004c2       0x2c d:/3.tools/arm_gcc_toolchain/bin/../lib/gcc/arm-none-eabi/10.3.1/../../../../arm-none-eabi/lib/thumb/v6-m/nofp\libc_nano.a(lib_a-memset.o)
 .ARM.attributes
                0x000004ee       0x1c d:/3.tools/arm_gcc_toolchain/bin/../lib/gcc/arm-none-eabi/10.3.1/../../../../arm-none-eabi/lib/thumb/v6-m/nofp\libc_nano.a(lib_a-strlen.o)
 .ARM.attributes
                0x0000050a       0x1e d:/3.tools/arm_gcc_toolchain/bin/../lib/gcc/arm-none-eabi/10.3.1/thumb/v6-m/nofp\libgcc.a(_udivsi3.o)
 .ARM.attributes
                0x00000528       0x1e d:/3.tools/arm_gcc_toolchain/bin/../lib/gcc/arm-none-eabi/10.3.1/thumb/v6-m/nofp\libgcc.a(_divsi3.o)
 .ARM.attributes
                0x00000546       0x1e d:/3.tools/arm_gcc_toolchain/bin/../lib/gcc/arm-none-eabi/10.3.1/thumb/v6-m/nofp\libgcc.a(_dvmd_tls.o)
 .ARM.attributes
                0x00000564       0x2c d:/3.tools/arm_gcc_toolchain/bin/../lib/gcc/arm-none-eabi/10.3.1/thumb/v6-m/nofp\libgcc.a(_fixunssfsi.o)
 .ARM.attributes
                0x00000590       0x2c d:/3.tools/arm_gcc_toolchain/bin/../lib/gcc/arm-none-eabi/10.3.1/thumb/v6-m/nofp\libgcc.a(addsf3.o)
 .ARM.attributes
                0x000005bc       0x2c d:/3.tools/arm_gcc_toolchain/bin/../lib/gcc/arm-none-eabi/10.3.1/thumb/v6-m/nofp\libgcc.a(divsf3.o)
 .ARM.attributes
                0x000005e8       0x2c d:/3.tools/arm_gcc_toolchain/bin/../lib/gcc/arm-none-eabi/10.3.1/thumb/v6-m/nofp\libgcc.a(mulsf3.o)
 .ARM.attributes
                0x00000614       0x2c d:/3.tools/arm_gcc_toolchain/bin/../lib/gcc/arm-none-eabi/10.3.1/thumb/v6-m/nofp\libgcc.a(subsf3.o)
 .ARM.attributes
                0x00000640       0x2c d:/3.tools/arm_gcc_toolchain/bin/../lib/gcc/arm-none-eabi/10.3.1/thumb/v6-m/nofp\libgcc.a(fixsfsi.o)
 .ARM.attributes
                0x0000066c       0x2c d:/3.tools/arm_gcc_toolchain/bin/../lib/gcc/arm-none-eabi/10.3.1/thumb/v6-m/nofp\libgcc.a(floatunsisf.o)
 .ARM.attributes
                0x00000698       0x1e d:/3.tools/arm_gcc_toolchain/bin/../lib/gcc/arm-none-eabi/10.3.1/thumb/v6-m/nofp\libgcc.a(_arm_cmpsf2.o)
 .ARM.attributes
                0x000006b6       0x1e d:/3.tools/arm_gcc_toolchain/bin/../lib/gcc/arm-none-eabi/10.3.1/thumb/v6-m/nofp\libgcc.a(_clzsi2.o)
 .ARM.attributes
                0x000006d4       0x2c d:/3.tools/arm_gcc_toolchain/bin/../lib/gcc/arm-none-eabi/10.3.1/thumb/v6-m/nofp\libgcc.a(eqsf2.o)
 .ARM.attributes
                0x00000700       0x2c d:/3.tools/arm_gcc_toolchain/bin/../lib/gcc/arm-none-eabi/10.3.1/thumb/v6-m/nofp\libgcc.a(gesf2.o)
 .ARM.attributes
                0x0000072c       0x2c d:/3.tools/arm_gcc_toolchain/bin/../lib/gcc/arm-none-eabi/10.3.1/thumb/v6-m/nofp\libgcc.a(lesf2.o)
 .ARM.attributes
                0x00000758       0x1e d:/3.tools/arm_gcc_toolchain/bin/../lib/gcc/arm-none-eabi/10.3.1/thumb/v6-m/nofp/crtn.o
OUTPUT(build/AllPrime_Mug.elf elf32-littlearm)
LOAD linker stubs
LOAD d:/3.tools/arm_gcc_toolchain/bin/../lib/gcc/arm-none-eabi/10.3.1/../../../../arm-none-eabi/lib/thumb/v6-m/nofp\libc.a
LOAD d:/3.tools/arm_gcc_toolchain/bin/../lib/gcc/arm-none-eabi/10.3.1/../../../../arm-none-eabi/lib/thumb/v6-m/nofp\libm.a
LOAD d:/3.tools/arm_gcc_toolchain/bin/../lib/gcc/arm-none-eabi/10.3.1/thumb/v6-m/nofp\libgcc.a

.debug_info     0x00000000    0x1ccdc
 .debug_info    0x00000000     0x2356 build/main.o
 .debug_info    0x00002356      0x8fd build/stm32f0xx_it.o
 .debug_info    0x00002c53     0x1b1a build/stm32f0xx_hal_msp.o
 .debug_info    0x0000476d      0x7d0 build/os.o
 .debug_info    0x00004f3d      0x48d build/led.o
 .debug_info    0x000053ca      0x53d build/switch.o
 .debug_info    0x00005907      0x531 build/pwm.o
 .debug_info    0x00005e38      0x8a3 build/temp.o
 .debug_info    0x000066db     0x1751 build/oled.o
 .debug_info    0x00007e2c      0x309 build/oled_fonts.o
 .debug_info    0x00008135      0x82c build/co2.o
 .debug_info    0x00008961     0x10b0 build/stm32f0xx_hal_adc.o
 .debug_info    0x00009a11      0x7ca build/stm32f0xx_hal.o
 .debug_info    0x0000a1db      0xb23 build/stm32f0xx_hal_rcc.o
 .debug_info    0x0000acfe      0x41c build/stm32f0xx_hal_rcc_ex.o
 .debug_info    0x0000b11a      0x6c0 build/stm32f0xx_hal_gpio.o
 .debug_info    0x0000b7da      0x88e build/stm32f0xx_hal_cortex.o
 .debug_info    0x0000c068     0x415a build/stm32f0xx_hal_i2c.o
 .debug_info    0x000101c2      0x907 build/stm32f0xx_hal_i2c_ex.o
 .debug_info    0x00010ac9     0x434a build/stm32f0xx_hal_tim.o
 .debug_info    0x00014e13     0x1d66 build/stm32f0xx_hal_tim_ex.o
 .debug_info    0x00016b79     0x50a8 build/stm32f0xx_hal_uart.o
 .debug_info    0x0001bc21      0x2bc build/system_stm32f0xx.o
 .debug_info    0x0001bedd      0xdff build/startup_stm32f030x6.o

.debug_abbrev   0x00000000     0x3225
 .debug_abbrev  0x00000000      0x2aa build/main.o
 .debug_abbrev  0x000002aa      0x19f build/stm32f0xx_it.o
 .debug_abbrev  0x00000449      0x23e build/stm32f0xx_hal_msp.o
 .debug_abbrev  0x00000687      0x1ac build/os.o
 .debug_abbrev  0x00000833      0x11b build/led.o
 .debug_abbrev  0x0000094e      0x144 build/switch.o
 .debug_abbrev  0x00000a92      0x177 build/pwm.o
 .debug_abbrev  0x00000c09      0x1a8 build/temp.o
 .debug_abbrev  0x00000db1      0x386 build/oled.o
 .debug_abbrev  0x00001137      0x139 build/oled_fonts.o
 .debug_abbrev  0x00001270      0x1cb build/co2.o
 .debug_abbrev  0x0000143b      0x24d build/stm32f0xx_hal_adc.o
 .debug_abbrev  0x00001688      0x249 build/stm32f0xx_hal.o
 .debug_abbrev  0x000018d1      0x280 build/stm32f0xx_hal_rcc.o
 .debug_abbrev  0x00001b51      0x1ab build/stm32f0xx_hal_rcc_ex.o
 .debug_abbrev  0x00001cfc      0x222 build/stm32f0xx_hal_gpio.o
 .debug_abbrev  0x00001f1e      0x2ab build/stm32f0xx_hal_cortex.o
 .debug_abbrev  0x000021c9      0x2ba build/stm32f0xx_hal_i2c.o
 .debug_abbrev  0x00002483      0x1c6 build/stm32f0xx_hal_i2c_ex.o
 .debug_abbrev  0x00002649      0x2d2 build/stm32f0xx_hal_tim.o
 .debug_abbrev  0x0000291b      0x2a9 build/stm32f0xx_hal_tim_ex.o
 .debug_abbrev  0x00002bc4      0x305 build/stm32f0xx_hal_uart.o
 .debug_abbrev  0x00002ec9      0x134 build/system_stm32f0xx.o
 .debug_abbrev  0x00002ffd      0x228 build/startup_stm32f030x6.o

.debug_loc      0x00000000    0x16764
 .debug_loc     0x00000000      0x18c build/main.o
 .debug_loc     0x0000018c       0x6c build/stm32f0xx_it.o
 .debug_loc     0x000001f8      0x452 build/stm32f0xx_hal_msp.o
 .debug_loc     0x0000064a      0x376 build/os.o
 .debug_loc     0x000009c0       0x20 build/led.o
 .debug_loc     0x000009e0       0x20 build/switch.o
 .debug_loc     0x00000a00       0x84 build/pwm.o
 .debug_loc     0x00000a84       0x71 build/temp.o
 .debug_loc     0x00000af5      0xe8c build/oled.o
 .debug_loc     0x00001981       0x9c build/oled_fonts.o
 .debug_loc     0x00001a1d       0x78 build/co2.o
 .debug_loc     0x00001a95     0x10bc build/stm32f0xx_hal_adc.o
 .debug_loc     0x00002b51      0x1e1 build/stm32f0xx_hal.o
 .debug_loc     0x00002d32      0x738 build/stm32f0xx_hal_rcc.o
 .debug_loc     0x0000346a      0x3e3 build/stm32f0xx_hal_rcc_ex.o
 .debug_loc     0x0000384d      0x420 build/stm32f0xx_hal_gpio.o
 .debug_loc     0x00003c6d      0x473 build/stm32f0xx_hal_cortex.o
 .debug_loc     0x000040e0     0x53e7 build/stm32f0xx_hal_i2c.o
 .debug_loc     0x000094c7      0x1d2 build/stm32f0xx_hal_i2c_ex.o
 .debug_loc     0x00009699     0x6503 build/stm32f0xx_hal_tim.o
 .debug_loc     0x0000fb9c     0x26a5 build/stm32f0xx_hal_tim_ex.o
 .debug_loc     0x00012241     0x3f69 build/stm32f0xx_hal_uart.o
 .debug_loc     0x000161aa      0x187 build/system_stm32f0xx.o
 .debug_loc     0x00016331      0x433 build/startup_stm32f030x6.o

.debug_aranges  0x00000000     0x11e0
 .debug_aranges
                0x00000000       0x70 build/main.o
 .debug_aranges
                0x00000070       0x38 build/stm32f0xx_it.o
 .debug_aranges
                0x000000a8       0x68 build/stm32f0xx_hal_msp.o
 .debug_aranges
                0x00000110       0x78 build/os.o
 .debug_aranges
                0x00000188       0x20 build/led.o
 .debug_aranges
                0x000001a8       0x28 build/switch.o
 .debug_aranges
                0x000001d0       0x50 build/pwm.o
 .debug_aranges
                0x00000220       0x28 build/temp.o
 .debug_aranges
                0x00000248       0xa0 build/oled.o
 .debug_aranges
                0x000002e8       0x20 build/oled_fonts.o
 .debug_aranges
                0x00000308       0x30 build/co2.o
 .debug_aranges
                0x00000338       0xf8 build/stm32f0xx_hal_adc.o
 .debug_aranges
                0x00000430       0xd0 build/stm32f0xx_hal.o
 .debug_aranges
                0x00000500       0x80 build/stm32f0xx_hal_rcc.o
 .debug_aranges
                0x00000580       0x30 build/stm32f0xx_hal_rcc_ex.o
 .debug_aranges
                0x000005b0       0x58 build/stm32f0xx_hal_gpio.o
 .debug_aranges
                0x00000608       0x78 build/stm32f0xx_hal_cortex.o
 .debug_aranges
                0x00000680      0x290 build/stm32f0xx_hal_i2c.o
 .debug_aranges
                0x00000910       0x38 build/stm32f0xx_hal_i2c_ex.o
 .debug_aranges
                0x00000948      0x3e8 build/stm32f0xx_hal_tim.o
 .debug_aranges
                0x00000d30      0x168 build/stm32f0xx_hal_tim_ex.o
 .debug_aranges
                0x00000e98      0x218 build/stm32f0xx_hal_uart.o
 .debug_aranges
                0x000010b0       0x28 build/system_stm32f0xx.o
 .debug_aranges
                0x000010d8      0x108 build/startup_stm32f030x6.o

.debug_ranges   0x00000000     0x1198
 .debug_ranges  0x00000000       0x60 build/main.o
 .debug_ranges  0x00000060       0x28 build/stm32f0xx_it.o
 .debug_ranges  0x00000088       0x58 build/stm32f0xx_hal_msp.o
 .debug_ranges  0x000000e0       0x68 build/os.o
 .debug_ranges  0x00000148       0x10 build/led.o
 .debug_ranges  0x00000158       0x18 build/switch.o
 .debug_ranges  0x00000170       0x40 build/pwm.o
 .debug_ranges  0x000001b0       0x18 build/temp.o
 .debug_ranges  0x000001c8      0x138 build/oled.o
 .debug_ranges  0x00000300       0x10 build/oled_fonts.o
 .debug_ranges  0x00000310       0x20 build/co2.o
 .debug_ranges  0x00000330       0xe8 build/stm32f0xx_hal_adc.o
 .debug_ranges  0x00000418       0xc0 build/stm32f0xx_hal.o
 .debug_ranges  0x000004d8       0x88 build/stm32f0xx_hal_rcc.o
 .debug_ranges  0x00000560       0x38 build/stm32f0xx_hal_rcc_ex.o
 .debug_ranges  0x00000598       0x48 build/stm32f0xx_hal_gpio.o
 .debug_ranges  0x000005e0       0xc8 build/stm32f0xx_hal_cortex.o
 .debug_ranges  0x000006a8      0x280 build/stm32f0xx_hal_i2c.o
 .debug_ranges  0x00000928       0x28 build/stm32f0xx_hal_i2c_ex.o
 .debug_ranges  0x00000950      0x3d8 build/stm32f0xx_hal_tim.o
 .debug_ranges  0x00000d28      0x158 build/stm32f0xx_hal_tim_ex.o
 .debug_ranges  0x00000e80      0x208 build/stm32f0xx_hal_uart.o
 .debug_ranges  0x00001088       0x18 build/system_stm32f0xx.o
 .debug_ranges  0x000010a0       0xf8 build/startup_stm32f030x6.o

.debug_line     0x00000000    0x16509
 .debug_line    0x00000000      0x956 build/main.o
 .debug_line    0x00000956      0x201 build/stm32f0xx_it.o
 .debug_line    0x00000b57      0x591 build/stm32f0xx_hal_msp.o
 .debug_line    0x000010e8      0x3e2 build/os.o
 .debug_line    0x000014ca      0x30a build/led.o
 .debug_line    0x000017d4      0x661 build/switch.o
 .debug_line    0x00001e35      0x6a3 build/pwm.o
 .debug_line    0x000024d8      0x729 build/temp.o
 .debug_line    0x00002c01      0xeae build/oled.o
 .debug_line    0x00003aaf       0xcb build/oled_fonts.o
 .debug_line    0x00003b7a      0x20a build/co2.o
 .debug_line    0x00003d84      0xfd3 build/stm32f0xx_hal_adc.o
 .debug_line    0x00004d57      0x4c8 build/stm32f0xx_hal.o
 .debug_line    0x0000521f      0xb25 build/stm32f0xx_hal_rcc.o
 .debug_line    0x00005d44      0x44d build/stm32f0xx_hal_rcc_ex.o
 .debug_line    0x00006191      0x621 build/stm32f0xx_hal_gpio.o
 .debug_line    0x000067b2      0x4d4 build/stm32f0xx_hal_cortex.o
 .debug_line    0x00006c86     0x48e3 build/stm32f0xx_hal_i2c.o
 .debug_line    0x0000b569      0x361 build/stm32f0xx_hal_i2c_ex.o
 .debug_line    0x0000b8ca     0x5009 build/stm32f0xx_hal_tim.o
 .debug_line    0x000108d3     0x1b3d build/stm32f0xx_hal_tim_ex.o
 .debug_line    0x00012410     0x3a86 build/stm32f0xx_hal_uart.o
 .debug_line    0x00015e96      0x1e7 build/system_stm32f0xx.o
 .debug_line    0x0001607d      0x48c build/startup_stm32f030x6.o

.debug_str      0x00000000     0x56f8
 .debug_str     0x00000000     0x13ca build/main.o
                               0x161d (size before relaxing)
 .debug_str     0x000013ca       0x82 build/stm32f0xx_it.o
                                0x910 (size before relaxing)
 .debug_str     0x0000144c      0x26a build/stm32f0xx_hal_msp.o
                               0x1274 (size before relaxing)
 .debug_str     0x000016b6      0x454 build/os.o
                                0x5d5 (size before relaxing)
 .debug_str     0x00001b0a       0x88 build/led.o
                                0x266 (size before relaxing)
 .debug_str     0x00001b92      0x1c9 build/switch.o
                                0x3e3 (size before relaxing)
 .debug_str     0x00001d5b      0x120 build/pwm.o
                                0x37d (size before relaxing)
 .debug_str     0x00001e7b      0x1a5 build/temp.o
                                0x6c0 (size before relaxing)
 .debug_str     0x00002020      0x27f build/oled.o
                                0x9a1 (size before relaxing)
 .debug_str     0x0000229f       0xab build/oled_fonts.o
                                0x25f (size before relaxing)
 .debug_str     0x0000234a       0x59 build/co2.o
                                0x6e4 (size before relaxing)
 .debug_str     0x000023a3      0x2d9 build/stm32f0xx_hal_adc.o
                                0x8c4 (size before relaxing)
 .debug_str     0x0000267c      0x2a3 build/stm32f0xx_hal.o
                                0x647 (size before relaxing)
 .debug_str     0x0000291f      0x1ef build/stm32f0xx_hal_rcc.o
                                0x637 (size before relaxing)
 .debug_str     0x00002b0e       0x94 build/stm32f0xx_hal_rcc_ex.o
                                0x38e (size before relaxing)
 .debug_str     0x00002ba2       0xf7 build/stm32f0xx_hal_gpio.o
                                0x3d6 (size before relaxing)
 .debug_str     0x00002c99      0x243 build/stm32f0xx_hal_cortex.o
                                0x592 (size before relaxing)
 .debug_str     0x00002edc      0x82a build/stm32f0xx_hal_i2c.o
                                0xf51 (size before relaxing)
 .debug_str     0x00003706       0x86 build/stm32f0xx_hal_i2c_ex.o
                                0x788 (size before relaxing)
 .debug_str     0x0000378c     0x10e6 build/stm32f0xx_hal_tim.o
                               0x1bfa (size before relaxing)
 .debug_str     0x00004872      0x48b build/stm32f0xx_hal_tim_ex.o
                               0x1072 (size before relaxing)
 .debug_str     0x00004cfd      0x74a build/stm32f0xx_hal_uart.o
                                0xe4c (size before relaxing)
 .debug_str     0x00005447       0x5c build/system_stm32f0xx.o
                                0x253 (size before relaxing)
 .debug_str     0x000054a3      0x255 build/startup_stm32f030x6.o
                                0xb5b (size before relaxing)

.comment        0x00000000       0x49
 .comment       0x00000000       0x49 build/main.o
                                 0x4a (size before relaxing)
 .comment       0x00000049       0x4a build/stm32f0xx_it.o
 .comment       0x00000049       0x4a build/stm32f0xx_hal_msp.o
 .comment       0x00000049       0x4a build/os.o
 .comment       0x00000049       0x4a build/led.o
 .comment       0x00000049       0x4a build/switch.o
 .comment       0x00000049       0x4a build/pwm.o
 .comment       0x00000049       0x4a build/temp.o
 .comment       0x00000049       0x4a build/oled.o
 .comment       0x00000049       0x4a build/oled_fonts.o
 .comment       0x00000049       0x4a build/co2.o
 .comment       0x00000049       0x4a build/stm32f0xx_hal_adc.o
 .comment       0x00000049       0x4a build/stm32f0xx_hal.o
 .comment       0x00000049       0x4a build/stm32f0xx_hal_rcc.o
 .comment       0x00000049       0x4a build/stm32f0xx_hal_rcc_ex.o
 .comment       0x00000049       0x4a build/stm32f0xx_hal_gpio.o
 .comment       0x00000049       0x4a build/stm32f0xx_hal_cortex.o
 .comment       0x00000049       0x4a build/stm32f0xx_hal_i2c.o
 .comment       0x00000049       0x4a build/stm32f0xx_hal_i2c_ex.o
 .comment       0x00000049       0x4a build/stm32f0xx_hal_tim.o
 .comment       0x00000049       0x4a build/stm32f0xx_hal_tim_ex.o
 .comment       0x00000049       0x4a build/stm32f0xx_hal_uart.o
 .comment       0x00000049       0x4a build/system_stm32f0xx.o
 .comment       0x00000049       0x4a build/startup_stm32f030x6.o

.debug_frame    0x00000000     0x3274
 .debug_frame   0x00000000      0x128 build/main.o
 .debug_frame   0x00000128       0x58 build/stm32f0xx_it.o
 .debug_frame   0x00000180      0x118 build/stm32f0xx_hal_msp.o
 .debug_frame   0x00000298      0x118 build/os.o
 .debug_frame   0x000003b0       0x28 build/led.o
 .debug_frame   0x000003d8       0x3c build/switch.o
 .debug_frame   0x00000414       0x90 build/pwm.o
 .debug_frame   0x000004a4       0x40 build/temp.o
 .debug_frame   0x000004e4      0x1c4 build/oled.o
 .debug_frame   0x000006a8       0x2c build/oled_fonts.o
 .debug_frame   0x000006d4       0x64 build/co2.o
 .debug_frame   0x00000738      0x2a0 build/stm32f0xx_hal_adc.o
 .debug_frame   0x000009d8      0x1ac build/stm32f0xx_hal.o
 .debug_frame   0x00000b84      0x13c build/stm32f0xx_hal_rcc.o
 .debug_frame   0x00000cc0       0x58 build/stm32f0xx_hal_rcc_ex.o
 .debug_frame   0x00000d18       0xc0 build/stm32f0xx_hal_gpio.o
 .debug_frame   0x00000dd8       0xe4 build/stm32f0xx_hal_cortex.o
 .debug_frame   0x00000ebc      0x860 build/stm32f0xx_hal_i2c.o
 .debug_frame   0x0000171c       0x78 build/stm32f0xx_hal_i2c_ex.o
 .debug_frame   0x00001794      0xb24 build/stm32f0xx_hal_tim.o
 .debug_frame   0x000022b8      0x420 build/stm32f0xx_hal_tim_ex.o
 .debug_frame   0x000026d8      0x604 build/stm32f0xx_hal_uart.o
 .debug_frame   0x00002cdc       0x38 build/system_stm32f0xx.o
 .debug_frame   0x00002d14      0x2d8 build/startup_stm32f030x6.o
 .debug_frame   0x00002fec       0x2c d:/3.tools/arm_gcc_toolchain/bin/../lib/gcc/arm-none-eabi/10.3.1/../../../../arm-none-eabi/lib/thumb/v6-m/nofp\libc_nano.a(lib_a-init.o)
 .debug_frame   0x00003018       0x28 d:/3.tools/arm_gcc_toolchain/bin/../lib/gcc/arm-none-eabi/10.3.1/../../../../arm-none-eabi/lib/thumb/v6-m/nofp\libc_nano.a(lib_a-memcpy-stub.o)
 .debug_frame   0x00003040       0x20 d:/3.tools/arm_gcc_toolchain/bin/../lib/gcc/arm-none-eabi/10.3.1/../../../../arm-none-eabi/lib/thumb/v6-m/nofp\libc_nano.a(lib_a-memset.o)
 .debug_frame   0x00003060       0x20 d:/3.tools/arm_gcc_toolchain/bin/../lib/gcc/arm-none-eabi/10.3.1/thumb/v6-m/nofp\libgcc.a(_udivsi3.o)
 .debug_frame   0x00003080       0x20 d:/3.tools/arm_gcc_toolchain/bin/../lib/gcc/arm-none-eabi/10.3.1/thumb/v6-m/nofp\libgcc.a(_divsi3.o)
 .debug_frame   0x000030a0       0x28 d:/3.tools/arm_gcc_toolchain/bin/../lib/gcc/arm-none-eabi/10.3.1/thumb/v6-m/nofp\libgcc.a(_fixunssfsi.o)
 .debug_frame   0x000030c8       0x34 d:/3.tools/arm_gcc_toolchain/bin/../lib/gcc/arm-none-eabi/10.3.1/thumb/v6-m/nofp\libgcc.a(addsf3.o)
 .debug_frame   0x000030fc       0x38 d:/3.tools/arm_gcc_toolchain/bin/../lib/gcc/arm-none-eabi/10.3.1/thumb/v6-m/nofp\libgcc.a(divsf3.o)
 .debug_frame   0x00003134       0x38 d:/3.tools/arm_gcc_toolchain/bin/../lib/gcc/arm-none-eabi/10.3.1/thumb/v6-m/nofp\libgcc.a(mulsf3.o)
 .debug_frame   0x0000316c       0x38 d:/3.tools/arm_gcc_toolchain/bin/../lib/gcc/arm-none-eabi/10.3.1/thumb/v6-m/nofp\libgcc.a(subsf3.o)
 .debug_frame   0x000031a4       0x20 d:/3.tools/arm_gcc_toolchain/bin/../lib/gcc/arm-none-eabi/10.3.1/thumb/v6-m/nofp\libgcc.a(fixsfsi.o)
 .debug_frame   0x000031c4       0x2c d:/3.tools/arm_gcc_toolchain/bin/../lib/gcc/arm-none-eabi/10.3.1/thumb/v6-m/nofp\libgcc.a(floatunsisf.o)
 .debug_frame   0x000031f0       0x2c d:/3.tools/arm_gcc_toolchain/bin/../lib/gcc/arm-none-eabi/10.3.1/thumb/v6-m/nofp\libgcc.a(eqsf2.o)
 .debug_frame   0x0000321c       0x2c d:/3.tools/arm_gcc_toolchain/bin/../lib/gcc/arm-none-eabi/10.3.1/thumb/v6-m/nofp\libgcc.a(gesf2.o)
 .debug_frame   0x00003248       0x2c d:/3.tools/arm_gcc_toolchain/bin/../lib/gcc/arm-none-eabi/10.3.1/thumb/v6-m/nofp\libgcc.a(lesf2.o)

Cross Reference Table

Symbol                                            File
ADC1_IRQHandler                                   build/startup_stm32f030x6.o
AHBPrescTable                                     build/system_stm32f0xx.o
                                                  build/stm32f0xx_hal_rcc.o
APBPrescTable                                     build/system_stm32f0xx.o
                                                  build/stm32f0xx_hal_rcc.o
Blutooth_Communication                            build/blutooth.o
Blutooth_Init                                     build/blutooth.o
Blutooth_Rx_Data                                  build/blutooth.o
Blutooth_Tx_Data                                  build/blutooth.o
CO2_Address                                       build/co2.o
CO2_Communication                                 build/co2.o
                                                  build/os.o
CO2_Data                                          build/co2.o
CO2_Data16                                        build/co2.o
                                                  build/oled.o
                                                  build/led.o
CO2_Data_w                                        build/co2.o
CO2_Init                                          build/co2.o
                                                  build/os.o
DMA1_Channel1_IRQHandler                          build/startup_stm32f030x6.o
DMA1_Channel2_3_IRQHandler                        build/startup_stm32f030x6.o
DMA1_Channel4_5_IRQHandler                        build/startup_stm32f030x6.o
Default_Handler                                   build/startup_stm32f030x6.o
EEPROM_Erase                                      build/eeprom.o
EEPROM_Read                                       build/eeprom.o
EEPROM_Write                                      build/eeprom.o
EEPROM_Write_Req                                  build/os.o
EEPROM_Write_cntReq                               build/os.o
EXTI0_1_IRQHandler                                build/startup_stm32f030x6.o
EXTI2_3_IRQHandler                                build/startup_stm32f030x6.o
EXTI4_15_IRQHandler                               build/startup_stm32f030x6.o
Error_Handler                                     build/main.o
FLASH_IRQHandler                                  build/startup_stm32f030x6.o
FLASH_PageErase                                   build/stm32f0xx_hal_flash_ex.o
                                                  build/stm32f0xx_hal_flash.o
FLASH_WaitForLastOperation                        build/stm32f0xx_hal_flash.o
                                                  build/stm32f0xx_hal_flash_ex.o
HAL_ADCEx_Calibration_Start                       build/stm32f0xx_hal_adc_ex.o
HAL_ADC_AnalogWDGConfig                           build/stm32f0xx_hal_adc.o
HAL_ADC_ConfigChannel                             build/stm32f0xx_hal_adc.o
                                                  build/main.o
HAL_ADC_ConvCpltCallback                          build/stm32f0xx_hal_adc.o
HAL_ADC_ConvHalfCpltCallback                      build/stm32f0xx_hal_adc.o
HAL_ADC_DeInit                                    build/stm32f0xx_hal_adc.o
HAL_ADC_ErrorCallback                             build/stm32f0xx_hal_adc.o
HAL_ADC_GetError                                  build/stm32f0xx_hal_adc.o
HAL_ADC_GetState                                  build/stm32f0xx_hal_adc.o
HAL_ADC_GetValue                                  build/stm32f0xx_hal_adc.o
                                                  build/temp.o
HAL_ADC_IRQHandler                                build/stm32f0xx_hal_adc.o
HAL_ADC_Init                                      build/stm32f0xx_hal_adc.o
                                                  build/main.o
HAL_ADC_LevelOutOfWindowCallback                  build/stm32f0xx_hal_adc.o
HAL_ADC_MspDeInit                                 build/stm32f0xx_hal_msp.o
HAL_ADC_MspInit                                   build/stm32f0xx_hal_msp.o
HAL_ADC_PollForConversion                         build/stm32f0xx_hal_adc.o
                                                  build/temp.o
HAL_ADC_PollForEvent                              build/stm32f0xx_hal_adc.o
HAL_ADC_Start                                     build/stm32f0xx_hal_adc.o
                                                  build/temp.o
HAL_ADC_Start_DMA                                 build/stm32f0xx_hal_adc.o
HAL_ADC_Start_IT                                  build/stm32f0xx_hal_adc.o
HAL_ADC_Stop                                      build/stm32f0xx_hal_adc.o
HAL_ADC_Stop_DMA                                  build/stm32f0xx_hal_adc.o
HAL_ADC_Stop_IT                                   build/stm32f0xx_hal_adc.o
HAL_DBGMCU_DisableDBGStandbyMode                  build/stm32f0xx_hal.o
HAL_DBGMCU_DisableDBGStopMode                     build/stm32f0xx_hal.o
HAL_DBGMCU_EnableDBGStandbyMode                   build/stm32f0xx_hal.o
HAL_DBGMCU_EnableDBGStopMode                      build/stm32f0xx_hal.o
HAL_DMA_Abort                                     build/stm32f0xx_hal_dma.o
                                                  build/stm32f0xx_hal_uart.o
                                                  build/stm32f0xx_hal_adc.o
HAL_DMA_Abort_IT                                  build/stm32f0xx_hal_dma.o
                                                  build/stm32f0xx_hal_uart.o
                                                  build/stm32f0xx_hal_tim_ex.o
                                                  build/stm32f0xx_hal_tim.o
                                                  build/stm32f0xx_hal_i2c.o
HAL_DMA_DeInit                                    build/stm32f0xx_hal_dma.o
HAL_DMA_GetError                                  build/stm32f0xx_hal_dma.o
                                                  build/stm32f0xx_hal_uart.o
HAL_DMA_GetState                                  build/stm32f0xx_hal_dma.o
                                                  build/stm32f0xx_hal_i2c.o
HAL_DMA_IRQHandler                                build/stm32f0xx_hal_dma.o
HAL_DMA_Init                                      build/stm32f0xx_hal_dma.o
HAL_DMA_PollForTransfer                           build/stm32f0xx_hal_dma.o
HAL_DMA_RegisterCallback                          build/stm32f0xx_hal_dma.o
HAL_DMA_Start                                     build/stm32f0xx_hal_dma.o
HAL_DMA_Start_IT                                  build/stm32f0xx_hal_dma.o
                                                  build/stm32f0xx_hal_uart.o
                                                  build/stm32f0xx_hal_tim_ex.o
                                                  build/stm32f0xx_hal_tim.o
                                                  build/stm32f0xx_hal_i2c.o
                                                  build/stm32f0xx_hal_adc.o
HAL_DMA_UnRegisterCallback                        build/stm32f0xx_hal_dma.o
HAL_DeInit                                        build/stm32f0xx_hal.o
HAL_Delay                                         build/stm32f0xx_hal.o
HAL_EXTI_ClearConfigLine                          build/stm32f0xx_hal_exti.o
HAL_EXTI_ClearPending                             build/stm32f0xx_hal_exti.o
HAL_EXTI_GenerateSWI                              build/stm32f0xx_hal_exti.o
HAL_EXTI_GetConfigLine                            build/stm32f0xx_hal_exti.o
HAL_EXTI_GetHandle                                build/stm32f0xx_hal_exti.o
HAL_EXTI_GetPending                               build/stm32f0xx_hal_exti.o
HAL_EXTI_IRQHandler                               build/stm32f0xx_hal_exti.o
HAL_EXTI_RegisterCallback                         build/stm32f0xx_hal_exti.o
HAL_EXTI_SetConfigLine                            build/stm32f0xx_hal_exti.o
HAL_FLASHEx_Erase                                 build/stm32f0xx_hal_flash_ex.o
                                                  build/eeprom.o
HAL_FLASHEx_Erase_IT                              build/stm32f0xx_hal_flash_ex.o
HAL_FLASHEx_OBErase                               build/stm32f0xx_hal_flash_ex.o
HAL_FLASHEx_OBGetConfig                           build/stm32f0xx_hal_flash_ex.o
HAL_FLASHEx_OBGetUserData                         build/stm32f0xx_hal_flash_ex.o
HAL_FLASHEx_OBProgram                             build/stm32f0xx_hal_flash_ex.o
HAL_FLASH_EndOfOperationCallback                  build/stm32f0xx_hal_flash.o
HAL_FLASH_GetError                                build/stm32f0xx_hal_flash.o
                                                  build/eeprom.o
HAL_FLASH_IRQHandler                              build/stm32f0xx_hal_flash.o
HAL_FLASH_Lock                                    build/stm32f0xx_hal_flash.o
                                                  build/eeprom.o
HAL_FLASH_OB_Launch                               build/stm32f0xx_hal_flash.o
HAL_FLASH_OB_Lock                                 build/stm32f0xx_hal_flash.o
HAL_FLASH_OB_Unlock                               build/stm32f0xx_hal_flash.o
HAL_FLASH_OperationErrorCallback                  build/stm32f0xx_hal_flash.o
HAL_FLASH_Program                                 build/stm32f0xx_hal_flash.o
                                                  build/eeprom.o
HAL_FLASH_Program_IT                              build/stm32f0xx_hal_flash.o
HAL_FLASH_Unlock                                  build/stm32f0xx_hal_flash.o
                                                  build/eeprom.o
HAL_GPIO_DeInit                                   build/stm32f0xx_hal_gpio.o
                                                  build/stm32f0xx_hal_msp.o
HAL_GPIO_EXTI_Callback                            build/stm32f0xx_hal_gpio.o
HAL_GPIO_EXTI_IRQHandler                          build/stm32f0xx_hal_gpio.o
HAL_GPIO_Init                                     build/stm32f0xx_hal_gpio.o
                                                  build/stm32f0xx_hal_rcc.o
                                                  build/stm32f0xx_hal_msp.o
                                                  build/main.o
HAL_GPIO_LockPin                                  build/stm32f0xx_hal_gpio.o
HAL_GPIO_ReadPin                                  build/stm32f0xx_hal_gpio.o
                                                  build/switch.o
HAL_GPIO_TogglePin                                build/stm32f0xx_hal_gpio.o
HAL_GPIO_WritePin                                 build/stm32f0xx_hal_gpio.o
                                                  build/switch.o
                                                  build/led.o
                                                  build/main.o
HAL_GetDEVID                                      build/stm32f0xx_hal.o
HAL_GetHalVersion                                 build/stm32f0xx_hal.o
HAL_GetREVID                                      build/stm32f0xx_hal.o
HAL_GetTick                                       build/stm32f0xx_hal.o
                                                  build/stm32f0xx_hal_uart.o
                                                  build/stm32f0xx_hal_i2c.o
                                                  build/stm32f0xx_hal_flash.o
                                                  build/stm32f0xx_hal_dma.o
                                                  build/stm32f0xx_hal_rcc_ex.o
                                                  build/stm32f0xx_hal_rcc.o
                                                  build/stm32f0xx_hal_adc_ex.o
                                                  build/stm32f0xx_hal_adc.o
HAL_GetTickFreq                                   build/stm32f0xx_hal.o
HAL_GetTickPrio                                   build/stm32f0xx_hal.o
HAL_GetUIDw0                                      build/stm32f0xx_hal.o
HAL_GetUIDw1                                      build/stm32f0xx_hal.o
HAL_GetUIDw2                                      build/stm32f0xx_hal.o
HAL_HalfDuplex_EnableReceiver                     build/stm32f0xx_hal_uart.o
HAL_HalfDuplex_EnableTransmitter                  build/stm32f0xx_hal_uart.o
HAL_HalfDuplex_Init                               build/stm32f0xx_hal_uart.o
HAL_I2CEx_ConfigAnalogFilter                      build/stm32f0xx_hal_i2c_ex.o
                                                  build/main.o
HAL_I2CEx_ConfigDigitalFilter                     build/stm32f0xx_hal_i2c_ex.o
                                                  build/main.o
HAL_I2CEx_DisableFastModePlus                     build/stm32f0xx_hal_i2c_ex.o
HAL_I2CEx_EnableFastModePlus                      build/stm32f0xx_hal_i2c_ex.o
HAL_I2C_AbortCpltCallback                         build/stm32f0xx_hal_i2c.o
HAL_I2C_AddrCallback                              build/stm32f0xx_hal_i2c.o
HAL_I2C_DeInit                                    build/stm32f0xx_hal_i2c.o
HAL_I2C_DisableListen_IT                          build/stm32f0xx_hal_i2c.o
HAL_I2C_ER_IRQHandler                             build/stm32f0xx_hal_i2c.o
HAL_I2C_EV_IRQHandler                             build/stm32f0xx_hal_i2c.o
HAL_I2C_EnableListen_IT                           build/stm32f0xx_hal_i2c.o
HAL_I2C_ErrorCallback                             build/stm32f0xx_hal_i2c.o
HAL_I2C_GetError                                  build/stm32f0xx_hal_i2c.o
HAL_I2C_GetMode                                   build/stm32f0xx_hal_i2c.o
HAL_I2C_GetState                                  build/stm32f0xx_hal_i2c.o
HAL_I2C_Init                                      build/stm32f0xx_hal_i2c.o
                                                  build/main.o
HAL_I2C_IsDeviceReady                             build/stm32f0xx_hal_i2c.o
                                                  build/oled.o
HAL_I2C_ListenCpltCallback                        build/stm32f0xx_hal_i2c.o
HAL_I2C_MasterRxCpltCallback                      build/stm32f0xx_hal_i2c.o
HAL_I2C_MasterTxCpltCallback                      build/stm32f0xx_hal_i2c.o
HAL_I2C_Master_Abort_IT                           build/stm32f0xx_hal_i2c.o
HAL_I2C_Master_Receive                            build/stm32f0xx_hal_i2c.o
HAL_I2C_Master_Receive_DMA                        build/stm32f0xx_hal_i2c.o
HAL_I2C_Master_Receive_IT                         build/stm32f0xx_hal_i2c.o
HAL_I2C_Master_Seq_Receive_DMA                    build/stm32f0xx_hal_i2c.o
HAL_I2C_Master_Seq_Receive_IT                     build/stm32f0xx_hal_i2c.o
HAL_I2C_Master_Seq_Transmit_DMA                   build/stm32f0xx_hal_i2c.o
HAL_I2C_Master_Seq_Transmit_IT                    build/stm32f0xx_hal_i2c.o
HAL_I2C_Master_Transmit                           build/stm32f0xx_hal_i2c.o
                                                  build/co2.o
                                                  build/oled.o
HAL_I2C_Master_Transmit_DMA                       build/stm32f0xx_hal_i2c.o
HAL_I2C_Master_Transmit_IT                        build/stm32f0xx_hal_i2c.o
HAL_I2C_MemRxCpltCallback                         build/stm32f0xx_hal_i2c.o
HAL_I2C_MemTxCpltCallback                         build/stm32f0xx_hal_i2c.o
HAL_I2C_Mem_Read                                  build/stm32f0xx_hal_i2c.o
                                                  build/co2.o
HAL_I2C_Mem_Read_DMA                              build/stm32f0xx_hal_i2c.o
HAL_I2C_Mem_Read_IT                               build/stm32f0xx_hal_i2c.o
HAL_I2C_Mem_Write                                 build/stm32f0xx_hal_i2c.o
                                                  build/co2.o
                                                  build/oled.o
HAL_I2C_Mem_Write_DMA                             build/stm32f0xx_hal_i2c.o
HAL_I2C_Mem_Write_IT                              build/stm32f0xx_hal_i2c.o
HAL_I2C_MspDeInit                                 build/stm32f0xx_hal_msp.o
HAL_I2C_MspInit                                   build/stm32f0xx_hal_msp.o
HAL_I2C_SlaveRxCpltCallback                       build/stm32f0xx_hal_i2c.o
HAL_I2C_SlaveTxCpltCallback                       build/stm32f0xx_hal_i2c.o
HAL_I2C_Slave_Receive                             build/stm32f0xx_hal_i2c.o
HAL_I2C_Slave_Receive_DMA                         build/stm32f0xx_hal_i2c.o
HAL_I2C_Slave_Receive_IT                          build/stm32f0xx_hal_i2c.o
HAL_I2C_Slave_Seq_Receive_DMA                     build/stm32f0xx_hal_i2c.o
HAL_I2C_Slave_Seq_Receive_IT                      build/stm32f0xx_hal_i2c.o
HAL_I2C_Slave_Seq_Transmit_DMA                    build/stm32f0xx_hal_i2c.o
HAL_I2C_Slave_Seq_Transmit_IT                     build/stm32f0xx_hal_i2c.o
HAL_I2C_Slave_Transmit                            build/stm32f0xx_hal_i2c.o
HAL_I2C_Slave_Transmit_DMA                        build/stm32f0xx_hal_i2c.o
HAL_I2C_Slave_Transmit_IT                         build/stm32f0xx_hal_i2c.o
HAL_IncTick                                       build/stm32f0xx_hal.o
                                                  build/startup_stm32f030x6.o
HAL_Init                                          build/stm32f0xx_hal.o
                                                  build/main.o
HAL_InitTick                                      build/stm32f0xx_hal.o
                                                  build/stm32f0xx_hal_rcc.o
HAL_MspDeInit                                     build/stm32f0xx_hal.o
HAL_MspInit                                       build/stm32f0xx_hal_msp.o
HAL_MultiProcessor_DisableMuteMode                build/stm32f0xx_hal_uart.o
HAL_MultiProcessor_EnableMuteMode                 build/stm32f0xx_hal_uart.o
HAL_MultiProcessor_EnterMuteMode                  build/stm32f0xx_hal_uart.o
HAL_MultiProcessor_Init                           build/stm32f0xx_hal_uart.o
HAL_NVIC_ClearPendingIRQ                          build/stm32f0xx_hal_cortex.o
HAL_NVIC_DisableIRQ                               build/stm32f0xx_hal_cortex.o
                                                  build/stm32f0xx_hal_msp.o
HAL_NVIC_EnableIRQ                                build/stm32f0xx_hal_cortex.o
                                                  build/stm32f0xx_hal_msp.o
HAL_NVIC_GetPendingIRQ                            build/stm32f0xx_hal_cortex.o
HAL_NVIC_GetPriority                              build/stm32f0xx_hal_cortex.o
HAL_NVIC_SetPendingIRQ                            build/stm32f0xx_hal_cortex.o
HAL_NVIC_SetPriority                              build/stm32f0xx_hal_cortex.o
                                                  build/stm32f0xx_hal.o
                                                  build/stm32f0xx_hal_msp.o
HAL_NVIC_SystemReset                              build/stm32f0xx_hal_cortex.o
HAL_PWR_DeInit                                    build/stm32f0xx_hal_pwr.o
HAL_PWR_DisableBkUpAccess                         build/stm32f0xx_hal_pwr.o
HAL_PWR_DisableSEVOnPend                          build/stm32f0xx_hal_pwr.o
HAL_PWR_DisableSleepOnExit                        build/stm32f0xx_hal_pwr.o
HAL_PWR_DisableWakeUpPin                          build/stm32f0xx_hal_pwr.o
HAL_PWR_EnableBkUpAccess                          build/stm32f0xx_hal_pwr.o
HAL_PWR_EnableSEVOnPend                           build/stm32f0xx_hal_pwr.o
HAL_PWR_EnableSleepOnExit                         build/stm32f0xx_hal_pwr.o
HAL_PWR_EnableWakeUpPin                           build/stm32f0xx_hal_pwr.o
HAL_PWR_EnterSLEEPMode                            build/stm32f0xx_hal_pwr.o
HAL_PWR_EnterSTANDBYMode                          build/stm32f0xx_hal_pwr.o
HAL_PWR_EnterSTOPMode                             build/stm32f0xx_hal_pwr.o
HAL_RCCEx_GetPeriphCLKConfig                      build/stm32f0xx_hal_rcc_ex.o
HAL_RCCEx_GetPeriphCLKFreq                        build/stm32f0xx_hal_rcc_ex.o
HAL_RCCEx_PeriphCLKConfig                         build/stm32f0xx_hal_rcc_ex.o
                                                  build/main.o
HAL_RCC_CSSCallback                               build/stm32f0xx_hal_rcc.o
HAL_RCC_ClockConfig                               build/stm32f0xx_hal_rcc.o
                                                  build/main.o
HAL_RCC_DeInit                                    build/stm32f0xx_hal_rcc.o
HAL_RCC_DisableCSS                                build/stm32f0xx_hal_rcc.o
HAL_RCC_EnableCSS                                 build/stm32f0xx_hal_rcc.o
HAL_RCC_GetClockConfig                            build/stm32f0xx_hal_rcc.o
HAL_RCC_GetHCLKFreq                               build/stm32f0xx_hal_rcc.o
HAL_RCC_GetOscConfig                              build/stm32f0xx_hal_rcc.o
HAL_RCC_GetPCLK1Freq                              build/stm32f0xx_hal_rcc.o
                                                  build/stm32f0xx_hal_uart.o
                                                  build/stm32f0xx_hal_rcc_ex.o
HAL_RCC_GetSysClockFreq                           build/stm32f0xx_hal_rcc.o
                                                  build/stm32f0xx_hal_uart.o
                                                  build/stm32f0xx_hal_rcc_ex.o
HAL_RCC_MCOConfig                                 build/stm32f0xx_hal_rcc.o
HAL_RCC_NMI_IRQHandler                            build/stm32f0xx_hal_rcc.o
HAL_RCC_OscConfig                                 build/stm32f0xx_hal_rcc.o
                                                  build/main.o
HAL_ResumeTick                                    build/stm32f0xx_hal.o
HAL_SYSTICK_CLKSourceConfig                       build/stm32f0xx_hal_cortex.o
HAL_SYSTICK_Callback                              build/stm32f0xx_hal_cortex.o
HAL_SYSTICK_Config                                build/stm32f0xx_hal_cortex.o
                                                  build/stm32f0xx_hal.o
HAL_SYSTICK_IRQHandler                            build/stm32f0xx_hal_cortex.o
HAL_SetTickFreq                                   build/stm32f0xx_hal.o
HAL_SuspendTick                                   build/stm32f0xx_hal.o
HAL_TIMEx_BreakCallback                           build/stm32f0xx_hal_tim_ex.o
                                                  build/stm32f0xx_hal_tim.o
HAL_TIMEx_CommutCallback                          build/stm32f0xx_hal_tim_ex.o
                                                  build/stm32f0xx_hal_tim.o
HAL_TIMEx_CommutHalfCpltCallback                  build/stm32f0xx_hal_tim_ex.o
                                                  build/stm32f0xx_hal_tim.o
HAL_TIMEx_ConfigBreakDeadTime                     build/stm32f0xx_hal_tim_ex.o
                                                  build/main.o
HAL_TIMEx_ConfigCommutEvent                       build/stm32f0xx_hal_tim_ex.o
HAL_TIMEx_ConfigCommutEvent_DMA                   build/stm32f0xx_hal_tim_ex.o
HAL_TIMEx_ConfigCommutEvent_IT                    build/stm32f0xx_hal_tim_ex.o
HAL_TIMEx_GetChannelNState                        build/stm32f0xx_hal_tim_ex.o
HAL_TIMEx_HallSensor_DeInit                       build/stm32f0xx_hal_tim_ex.o
HAL_TIMEx_HallSensor_GetState                     build/stm32f0xx_hal_tim_ex.o
HAL_TIMEx_HallSensor_Init                         build/stm32f0xx_hal_tim_ex.o
HAL_TIMEx_HallSensor_MspDeInit                    build/stm32f0xx_hal_tim_ex.o
                                                  build/stm32f0xx_hal_tim.o
HAL_TIMEx_HallSensor_MspInit                      build/stm32f0xx_hal_tim_ex.o
                                                  build/stm32f0xx_hal_tim.o
HAL_TIMEx_HallSensor_Start                        build/stm32f0xx_hal_tim_ex.o
HAL_TIMEx_HallSensor_Start_DMA                    build/stm32f0xx_hal_tim_ex.o
HAL_TIMEx_HallSensor_Start_IT                     build/stm32f0xx_hal_tim_ex.o
HAL_TIMEx_HallSensor_Stop                         build/stm32f0xx_hal_tim_ex.o
HAL_TIMEx_HallSensor_Stop_DMA                     build/stm32f0xx_hal_tim_ex.o
HAL_TIMEx_HallSensor_Stop_IT                      build/stm32f0xx_hal_tim_ex.o
HAL_TIMEx_MasterConfigSynchronization             build/stm32f0xx_hal_tim_ex.o
                                                  build/main.o
HAL_TIMEx_OCN_Start                               build/stm32f0xx_hal_tim_ex.o
HAL_TIMEx_OCN_Start_DMA                           build/stm32f0xx_hal_tim_ex.o
HAL_TIMEx_OCN_Start_IT                            build/stm32f0xx_hal_tim_ex.o
HAL_TIMEx_OCN_Stop                                build/stm32f0xx_hal_tim_ex.o
HAL_TIMEx_OCN_Stop_DMA                            build/stm32f0xx_hal_tim_ex.o
HAL_TIMEx_OCN_Stop_IT                             build/stm32f0xx_hal_tim_ex.o
HAL_TIMEx_OnePulseN_Start                         build/stm32f0xx_hal_tim_ex.o
HAL_TIMEx_OnePulseN_Start_IT                      build/stm32f0xx_hal_tim_ex.o
HAL_TIMEx_OnePulseN_Stop                          build/stm32f0xx_hal_tim_ex.o
HAL_TIMEx_OnePulseN_Stop_IT                       build/stm32f0xx_hal_tim_ex.o
HAL_TIMEx_PWMN_Start                              build/stm32f0xx_hal_tim_ex.o
                                                  build/main.o
HAL_TIMEx_PWMN_Start_DMA                          build/stm32f0xx_hal_tim_ex.o
HAL_TIMEx_PWMN_Start_IT                           build/stm32f0xx_hal_tim_ex.o
HAL_TIMEx_PWMN_Stop                               build/stm32f0xx_hal_tim_ex.o
HAL_TIMEx_PWMN_Stop_DMA                           build/stm32f0xx_hal_tim_ex.o
HAL_TIMEx_PWMN_Stop_IT                            build/stm32f0xx_hal_tim_ex.o
HAL_TIMEx_RemapConfig                             build/stm32f0xx_hal_tim_ex.o
HAL_TIM_Base_DeInit                               build/stm32f0xx_hal_tim.o
HAL_TIM_Base_GetState                             build/stm32f0xx_hal_tim.o
HAL_TIM_Base_Init                                 build/stm32f0xx_hal_tim.o
                                                  build/main.o
HAL_TIM_Base_MspDeInit                            build/stm32f0xx_hal_msp.o
HAL_TIM_Base_MspInit                              build/stm32f0xx_hal_msp.o
HAL_TIM_Base_Start                                build/stm32f0xx_hal_tim.o
HAL_TIM_Base_Start_DMA                            build/stm32f0xx_hal_tim.o
HAL_TIM_Base_Start_IT                             build/stm32f0xx_hal_tim.o
                                                  build/main.o
HAL_TIM_Base_Stop                                 build/stm32f0xx_hal_tim.o
HAL_TIM_Base_Stop_DMA                             build/stm32f0xx_hal_tim.o
HAL_TIM_Base_Stop_IT                              build/stm32f0xx_hal_tim.o
HAL_TIM_ConfigClockSource                         build/stm32f0xx_hal_tim.o
                                                  build/main.o